Watching for file changes with StatReloader
Waiting for apps ready_event.
Apps ready_event triggered. Sending autoreload_started signal.
Watching dir E:\Assignment\locale with glob **/*.mo.
Watching dir E:\Assignment\venv\lib\site-packages\rest_framework\locale with glob **/*.mo.
Watching dir E:\Assignment\accounts\locale with glob **/*.mo.
Watching dir E:\Assignment\employees\locale with glob **/*.mo.
Watching dir E:\Assignment\venv\lib\site-packages\rest_framework_swagger\locale with glob **/*.mo.
File E:\Assignment\venv\Lib\site-packages\django\template\defaultfilters.py first seen with mtime 1608197121.4015453
File E:\Assignment\venv\Lib\site-packages\django\db\migrations\operations\__init__.py first seen with mtime 1608197121.261769
File E:\Assignment\venv\Lib\site-packages\rest_framework_swagger\__init__.py first seen with mtime 1608217055.3825986
File E:\Assignment\venv\Lib\site-packages\django\db\models\fields\mixins.py first seen with mtime 1608197121.2896962
File E:\Assignment\manage.py first seen with mtime 1608198107.8537478
File C:\Users\Pavilion\Anaconda3\Lib\os.py first seen with mtime 1583820672.0
File C:\Users\Pavilion\Anaconda3\Lib\functools.py first seen with mtime 1583820672.0
File E:\Assignment\venv\Lib\site-packages\asgiref\__init__.py first seen with mtime 1608197126.9515285
File E:\Assignment\venv\Lib\site-packages\rest_framework_simplejwt\token_blacklist\models.py first seen with mtime 1608197652.0526097
File E:\Assignment\venv\Lib\site-packages\django\utils\numberformat.py first seen with mtime 1608197121.4694538
File C:\Users\Pavilion\Anaconda3\Lib\email\iterators.py first seen with mtime 1583820672.0
File E:\Assignment\venv\Lib\site-packages\django\contrib\postgres\fields\jsonb.py first seen with mtime 1608197119.9152522
File E:\Assignment\venv\Lib\site-packages\pkg_resources\_vendor\packaging\requirements.py first seen with mtime 1608196855.3888516
File E:\Assignment\venv\Lib\site-packages\rest_framework_simplejwt\token_blacklist\__init__.py first seen with mtime 1608197652.0486147
File E:\Assignment\venv\Lib\site-packages\urllib3\util\connection.py first seen with mtime 1608217091.6324415
File E:\Assignment\venv\Lib\site-packages\django\utils\module_loading.py first seen with mtime 1608197121.4694538
File E:\Assignment\venv\Lib\site-packages\django\core\management\commands\runserver.py first seen with mtime 1608197121.1455474
File E:\Assignment\venv\Lib\site-packages\django\utils\cache.py first seen with mtime 1608197121.4454877
File E:\Assignment\venv\Lib\site-packages\django\apps\__init__.py first seen with mtime 1608197115.6208355
File E:\Assignment\venv\Lib\site-packages\django\utils\formats.py first seen with mtime 1608197121.4574704
File C:\Users\Pavilion\Anaconda3\Lib\operator.py first seen with mtime 1583820672.0
File E:\Assignment\venv\Lib\site-packages\coreschema\encodings\html.py first seen with mtime 1485963706.0
File C:\Users\Pavilion\Anaconda3\Lib\ast.py first seen with mtime 1583820672.0
File E:\Assignment\venv\Lib\site-packages\chardet\latin1prober.py first seen with mtime 1608217093.2206044
File E:\Assignment\venv\Lib\site-packages\django\db\backends\base\schema.py first seen with mtime 1608197121.1858344
File C:\Users\Pavilion\Anaconda3\DLLs\_asyncio.pyd first seen with mtime 1588762001.0
File C:\Users\Pavilion\Anaconda3\Lib\email\_header_value_parser.py first seen with mtime 1583820672.0
File C:\Users\Pavilion\Anaconda3\Lib\encodings\aliases.py first seen with mtime 1583820672.0
File C:\Users\Pavilion\Anaconda3\Lib\json\decoder.py first seen with mtime 1583820672.0
File C:\Users\Pavilion\Anaconda3\Lib\asyncio\sslproto.py first seen with mtime 1583820672.0
File E:\Assignment\venv\Lib\site-packages\sqlparse\engine\statement_splitter.py first seen with mtime 1608197128.423581
File C:\Users\Pavilion\Anaconda3\Lib\genericpath.py first seen with mtime 1583820672.0
File E:\Assignment\venv\Lib\site-packages\rest_framework\renderers.py first seen with mtime 1608197609.6774411
File E:\Assignment\venv\Lib\site-packages\django\db\models\sql\query.py first seen with mtime 1608197121.313692
File E:\Assignment\venv\Lib\site-packages\django\forms\utils.py first seen with mtime 1608197121.3336425
File E:\Assignment\venv\Lib\site-packages\django\contrib\postgres\forms\__init__.py first seen with mtime 1608197119.919246
File E:\Assignment\venv\Lib\site-packages\psycopg2\errors.py first seen with mtime 1608197760.5394697
File E:\Assignment\venv\Lib\site-packages\requests\__version__.py first seen with mtime 1608217073.5783052
File E:\Assignment\venv\Lib\site-packages\django\utils\encoding.py first seen with mtime 1608197121.4574704
File C:\Users\Pavilion\Anaconda3\Lib\asyncio\format_helpers.py first seen with mtime 1583820672.0
File E:\Assignment\venv\Lib\site-packages\chardet\mbcsgroupprober.py first seen with mtime 1608217093.2664044
File E:\Assignment\venv\Lib\site-packages\coreapi\document.py first seen with mtime 1608217063.8153481
File E:\Assignment\venv\Lib\site-packages\pkg_resources\_vendor\packaging\_compat.py first seen with mtime 1608196855.3808568
File C:\Users\Pavilion\Anaconda3\Lib\urllib\error.py first seen with mtime 1583820672.0
File C:\Users\Pavilion\Anaconda3\Lib\importlib\__init__.py first seen with mtime 1583820672.0
File E:\Assignment\venv\Lib\site-packages\django\core\cache\backends\__init__.py first seen with mtime 1608197121.0432851
File E:\Assignment\venv\Lib\site-packages\django\test\utils.py first seen with mtime 1608197121.4335034
File E:\Assignment\venv\Lib\site-packages\psycopg2\_psycopg.cp37-win_amd64.pyd first seen with mtime 1608197760.5311315
File E:\Assignment\venv\Lib\site-packages\idna\core.py first seen with mtime 1608217090.0862982
File C:\Users\Pavilion\Anaconda3\Lib\asyncio\coroutines.py first seen with mtime 1583820672.0
File E:\Assignment\venv\Lib\site-packages\markupsafe\_speedups.cp37-win_amd64.pyd first seen with mtime 1608217094.5633562
File E:\Assignment\venv\Lib\site-packages\django\db\models\constants.py first seen with mtime 1608197121.2697246
File E:\Assignment\venv\Lib\site-packages\rest_framework\utils\formatting.py first seen with mtime 1608197609.881833
File C:\Users\Pavilion\Anaconda3\Lib\xml\dom\domreg.py first seen with mtime 1583820672.0
File C:\Users\Pavilion\Anaconda3\Lib\asyncio\base_events.py first seen with mtime 1583820672.0
File C:\Users\Pavilion\Anaconda3\Lib\http\server.py first seen with mtime 1583820672.0
File E:\Assignment\venv\Lib\site-packages\django\core\serializers\json.py first seen with mtime 1608197121.1618679
File C:\Users\Pavilion\Anaconda3\Lib\__future__.py first seen with mtime 1583820672.0
File E:\Assignment\venv\Lib\site-packages\urllib3\packages\__init__.py first seen with mtime 1608217091.628443
File E:\Assignment\venv\Lib\site-packages\uritemplate\template.py first seen with mtime 1608217074.3118174
File E:\Assignment\venv\Lib\site-packages\django\contrib\admin\widgets.py first seen with mtime 1608197116.0562546
File E:\Assignment\venv\Lib\site-packages\urllib3\util\ssltransport.py first seen with mtime 1608217091.640442
File C:\Users\Pavilion\Anaconda3\Lib\base64.py first seen with mtime 1583820672.0
File E:\Assignment\venv\Lib\site-packages\django\utils\crypto.py first seen with mtime 1608197121.4495199
File E:\Assignment\venv\Lib\site-packages\django\template\base.py first seen with mtime 1608197121.3975518
File E:\Assignment\venv\Lib\site-packages\rest_framework_simplejwt\authentication.py first seen with mtime 1608197652.0046751
File E:\Assignment\venv\Lib\site-packages\django\contrib\postgres\search.py first seen with mtime 1608197119.8992724
File E:\Assignment\venv\Lib\site-packages\django\core\__init__.py first seen with mtime 1608197121.031351
File E:\Assignment\venv\Lib\site-packages\django\db\models\sql\where.py first seen with mtime 1608197121.3176596
File E:\Assignment\venv\Lib\site-packages\django\db\migrations\migration.py first seen with mtime 1608197121.2537427
File E:\Assignment\venv\Lib\site-packages\markupsafe\_compat.py first seen with mtime 1608217094.526916
File E:\Assignment\venv\Lib\site-packages\chardet\charsetgroupprober.py first seen with mtime 1608217093.1325026
File E:\Assignment\venv\Lib\site-packages\coreapi\codecs\display.py first seen with mtime 1608217063.8193483
File C:\Users\Pavilion\Anaconda3\Lib\logging\handlers.py first seen with mtime 1583820672.0
File C:\Users\Pavilion\Anaconda3\Lib\numbers.py first seen with mtime 1583820672.0
File E:\Assignment\venv\Lib\site-packages\django\http\cookie.py first seen with mtime 1608197121.3855672
File E:\Assignment\venv\Lib\site-packages\django\db\migrations\operations\models.py first seen with mtime 1608197121.2657325
File E:\Assignment\venv\Lib\site-packages\rest_framework\exceptions.py first seen with mtime 1608197609.6654124
File C:\Users\Pavilion\Anaconda3\Lib\_bootlocale.py first seen with mtime 1583820672.0
File E:\Assignment\venv\Lib\site-packages\requests\structures.py first seen with mtime 1608217073.610003
File E:\Assignment\venv\Lib\site-packages\coreapi\codecs\__init__.py first seen with mtime 1608217063.8153481
File C:\Users\Pavilion\Anaconda3\DLLs\_overlapped.pyd first seen with mtime 1588762003.0
File E:\Assignment\venv\Lib\site-packages\jinja2\loaders.py first seen with mtime 1608217076.3245034
File E:\Assignment\venv\Lib\site-packages\django\db\backends\postgresql\base.py first seen with mtime 1608197121.2298167
File C:\Users\Pavilion\Anaconda3\Lib\concurrent\futures\thread.py first seen with mtime 1583820672.0
File E:\Assignment\venv\Lib\site-packages\jinja2\tests.py first seen with mtime 1608217076.3365412
File E:\Assignment\venv\Lib\site-packages\django\contrib\admin\views\autocomplete.py first seen with mtime 1608197117.0977492
File E:\Assignment\venv\Lib\site-packages\coreapi\__init__.py first seen with mtime 1608217063.8073852
File E:\Assignment\venv\Lib\site-packages\django\contrib\__init__.py first seen with mtime 1608197116.0402756
File E:\Assignment\venv\Lib\site-packages\rest_framework\schemas\utils.py first seen with mtime 1608197609.7810214
File E:\Assignment\venv\Lib\site-packages\django\contrib\messages\api.py first seen with mtime 1608197119.8792992
File E:\Assignment\venv\Lib\site-packages\django\db\models\sql\datastructures.py first seen with mtime 1608197121.309708
File C:\Users\Pavilion\Anaconda3\Lib\contextvars.py first seen with mtime 1583820672.0
File C:\Users\Pavilion\Anaconda3\Lib\mimetypes.py first seen with mtime 1583820672.0
File E:\Assignment\venv\Lib\site-packages\django\utils\html.py first seen with mtime 1608197121.4614713
File E:\Assignment\venv\Lib\site-packages\django\core\files\move.py first seen with mtime 1608197121.0712483
File E:\Assignment\venv\Lib\site-packages\jinja2\runtime.py first seen with mtime 1608217076.3325171
File E:\Assignment\venv\Lib\site-packages\requests\_internal_utils.py first seen with mtime 1608217073.579814
File E:\Assignment\venv\Lib\site-packages\django\utils\version.py first seen with mtime 1608197121.477446
File E:\Assignment\venv\Lib\site-packages\django\contrib\admin\exceptions.py first seen with mtime 1608197116.0482652
File E:\Assignment\venv\Lib\site-packages\rest_framework\pagination.py first seen with mtime 1608197609.6733997
File C:\Users\Pavilion\Anaconda3\Lib\email\mime\multipart.py first seen with mtime 1583820672.0
File E:\Assignment\venv\Lib\site-packages\django\core\management\base.py first seen with mtime 1608197121.1175888
File C:\Users\Pavilion\Anaconda3\DLLs\pyexpat.pyd first seen with mtime 1588762013.0
File E:\Assignment\venv\Lib\site-packages\uritemplate\variable.py first seen with mtime 1608217074.3160996
File E:\Assignment\venv\Lib\site-packages\django\contrib\auth\base_user.py first seen with mtime 1608197117.5131938
File E:\Assignment\venv\Lib\site-packages\coreschema\__init__.py first seen with mtime 1486556601.0
File E:\Assignment\venv\Lib\site-packages\django\core\mail\message.py first seen with mtime 1608197121.085631
File E:\Assignment\venv\Lib\site-packages\uritemplate\orderedset.py first seen with mtime 1608217074.3118174
File E:\Assignment\venv\Lib\site-packages\django\contrib\sites\__init__.py first seen with mtime 1608197120.7317019
File C:\Users\Pavilion\Anaconda3\Lib\asyncio\windows_events.py first seen with mtime 1583820672.0
File C:\Users\Pavilion\Anaconda3\Lib\email\base64mime.py first seen with mtime 1583820672.0
File C:\Users\Pavilion\Anaconda3\Lib\ctypes\_endian.py first seen with mtime 1583820672.0
File E:\Assignment\venv\Lib\site-packages\django\template\backends\__init__.py first seen with mtime 1608197121.4095645
File E:\Assignment\venv\Lib\site-packages\chardet\cp949prober.py first seen with mtime 1608217093.1627257
File E:\Assignment\venv\Lib\site-packages\django\forms\models.py first seen with mtime 1608197121.3296425
File C:\Users\Pavilion\Anaconda3\Lib\ctypes\__init__.py first seen with mtime 1583820672.0
File E:\Assignment\venv\Lib\site-packages\pytz\tzinfo.py first seen with mtime 1608197125.2314105
File E:\Assignment\venv\Lib\site-packages\django\core\checks\templates.py first seen with mtime 1608197121.0592654
File E:\Assignment\venv\Lib\site-packages\rest_framework\mixins.py first seen with mtime 1608197609.6733997
File C:\Users\Pavilion\Anaconda3\Lib\xml\parsers\__init__.py first seen with mtime 1583820672.0
File E:\Assignment\venv\Lib\site-packages\urllib3\util\timeout.py first seen with mtime 1608217091.640442
File C:\Users\Pavilion\Anaconda3\Lib\secrets.py first seen with mtime 1583820672.0
File E:\Assignment\venv\Lib\site-packages\django\contrib\admin\templatetags\admin_urls.py first seen with mtime 1608197117.0937538
File E:\Assignment\venv\Lib\site-packages\requests\__init__.py first seen with mtime 1608217073.5754776
File E:\Assignment\venv\Lib\site-packages\django\contrib\admin\__init__.py first seen with mtime 1608197116.0402756
File E:\Assignment\venv\Lib\site-packages\rest_framework\utils\field_mapping.py first seen with mtime 1608197609.8808906
File C:\Users\Pavilion\Anaconda3\Lib\wsgiref\simple_server.py first seen with mtime 1583820672.0
File C:\Users\Pavilion\Anaconda3\Lib\bisect.py first seen with mtime 1583820672.0
File E:\Assignment\venv\Lib\site-packages\rest_framework\schemas\generators.py first seen with mtime 1608197609.7772596
File E:\Assignment\venv\Lib\site-packages\chardet\langbulgarianmodel.py first seen with mtime 1608217093.2125533
File E:\Assignment\venv\Lib\site-packages\jinja2\compiler.py first seen with mtime 1608217076.3118384
File E:\Assignment\venv\Lib\site-packages\coreapi\exceptions.py first seen with mtime 1608217063.8153481
File E:\Assignment\venv\Lib\site-packages\django\contrib\admin\models.py first seen with mtime 1608197116.0522597
File E:\Assignment\venv\Lib\site-packages\django\db\backends\base\introspection.py first seen with mtime 1608197121.1818402
File C:\Users\Pavilion\Anaconda3\Lib\keyword.py first seen with mtime 1583820672.0
File C:\Users\Pavilion\Anaconda3\Lib\email\quoprimime.py first seen with mtime 1583820672.0
File E:\Assignment\venv\Lib\site-packages\psycopg2\_json.py first seen with mtime 1608197760.498035
File E:\Assignment\venv\Lib\site-packages\chardet\euckrprober.py first seen with mtime 1608217093.1667254
File E:\Assignment\venv\Lib\site-packages\django\views\generic\dates.py first seen with mtime 1608197121.497417
File E:\Assignment\venv\Lib\site-packages\django\db\models\functions\text.py first seen with mtime 1608197121.301679
File E:\Assignment\venv\Lib\site-packages\requests\adapters.py first seen with mtime 1608217073.5813458
File E:\Assignment\venv\Lib\site-packages\django\contrib\auth\validators.py first seen with mtime 1608197117.5531402
File E:\Assignment\venv\Lib\site-packages\idna\package_data.py first seen with mtime 1608217090.0943887
File E:\Assignment\venv\Lib\site-packages\rest_framework_swagger\renderers.py first seen with mtime 1608217055.3865614
File E:\Assignment\venv\Lib\site-packages\urllib3\filepost.py first seen with mtime 1608217091.6108289
File C:\Users\Pavilion\Anaconda3\DLLs\_socket.pyd first seen with mtime 1588762008.0
File E:\Assignment\venv\Lib\site-packages\django\utils\dateparse.py first seen with mtime 1608197121.4495199
File C:\Users\Pavilion\Anaconda3\Lib\email\mime\__init__.py first seen with mtime 1583820672.0
File E:\Assignment\venv\Lib\site-packages\coreschema\compat.py first seen with mtime 1486549794.0
File E:\Assignment\venv\Lib\site-packages\urllib3\request.py first seen with mtime 1608217091.6108289
File E:\Assignment\venv\Lib\site-packages\sqlparse\filters\aligned_indent.py first seen with mtime 1608197128.4275723
File E:\Assignment\venv\Lib\site-packages\django\db\backends\ddl_references.py first seen with mtime 1608197121.173864
File E:\Assignment\venv\Lib\site-packages\jinja2\filters.py first seen with mtime 1608217076.3205378
File C:\Users\Pavilion\Anaconda3\Lib\nturl2path.py first seen with mtime 1583820672.0
File C:\Users\Pavilion\Anaconda3\Lib\wsgiref\util.py first seen with mtime 1583820672.0
File E:\Assignment\venv\Lib\site-packages\rest_framework\reverse.py first seen with mtime 1608197609.6813886
File E:\Assignment\venv\Lib\site-packages\django\http\response.py first seen with mtime 1608197121.3895621
File C:\Users\Pavilion\Anaconda3\Lib\email\mime\message.py first seen with mtime 1583820672.0
File E:\Assignment\venv\Lib\site-packages\certifi\__init__.py first seen with mtime 1608217087.4244702
File C:\Users\Pavilion\Anaconda3\Lib\copyreg.py first seen with mtime 1583820672.0
File E:\Assignment\venv\Lib\site-packages\django\contrib\admin\apps.py first seen with mtime 1608197116.0442703
File E:\Assignment\venv\Lib\site-packages\coreapi\codecs\corejson.py first seen with mtime 1608217063.8193483
File E:\Assignment\venv\Lib\site-packages\django\contrib\postgres\forms\ranges.py first seen with mtime 1608197119.923242
File E:\Assignment\venv\Lib\site-packages\django\core\management\__init__.py first seen with mtime 1608197121.1175888
File C:\Users\Pavilion\Anaconda3\Lib\shutil.py first seen with mtime 1583820672.0
File E:\Assignment\venv\Lib\site-packages\django\core\files\locks.py first seen with mtime 1608197121.0712483
File E:\Assignment\venv\Lib\site-packages\django\contrib\sessions\apps.py first seen with mtime 1608197120.453896
File E:\Assignment\venv\Lib\site-packages\django\db\models\manager.py first seen with mtime 1608197121.277711
File C:\Users\Pavilion\Anaconda3\Lib\email\_policybase.py first seen with mtime 1583820672.0
File E:\Assignment\venv\Lib\site-packages\chardet\chardistribution.py first seen with mtime 1608217093.1269536
File E:\Assignment\venv\Lib\site-packages\django\core\checks\registry.py first seen with mtime 1608197121.0592654
File E:\Assignment\venv\Lib\site-packages\django\core\handlers\base.py first seen with mtime 1608197121.0816295
File E:\Assignment\venv\Lib\site-packages\idna\idnadata.py first seen with mtime 1608217090.0902984
File E:\Assignment\venv\Lib\site-packages\django\utils\itercompat.py first seen with mtime 1608197121.465461
File E:\Assignment\venv\Lib\site-packages\urllib3\util\request.py first seen with mtime 1608217091.636442
File E:\Assignment\venv\Lib\site-packages\sqlparse\cli.py first seen with mtime 1608197128.4075994
File E:\Assignment\venv\Lib\site-packages\sqlparse\engine\grouping.py first seen with mtime 1608197128.423581
File E:\Assignment\venv\Lib\site-packages\django\contrib\admin\views\decorators.py first seen with mtime 1608197117.1017432
File C:\Users\Pavilion\Anaconda3\Lib\unittest\suite.py first seen with mtime 1583820672.0
File E:\Assignment\venv\Lib\site-packages\pkg_resources\_vendor\packaging\specifiers.py first seen with mtime 1608196855.3888516
File C:\Users\Pavilion\Anaconda3\Lib\_markupbase.py first seen with mtime 1583820672.0
File E:\Assignment\venv\Lib\site-packages\coreapi\codecs\download.py first seen with mtime 1608217063.8193483
File C:\Users\Pavilion\Anaconda3\Lib\_compat_pickle.py first seen with mtime 1583820672.0
File E:\Assignment\venv\Lib\site-packages\rest_framework\__init__.py first seen with mtime 1608197609.65746
File E:\Assignment\venv\Lib\site-packages\django\core\signing.py first seen with mtime 1608197121.0392911
File E:\Assignment\venv\Lib\site-packages\django\contrib\auth\admin.py first seen with mtime 1608197117.505203
File E:\Assignment\venv\Lib\site-packages\requests\api.py first seen with mtime 1608217073.5849788
File C:\Users\Pavilion\Anaconda3\Lib\wsgiref\handlers.py first seen with mtime 1583820672.0
File C:\Users\Pavilion\Anaconda3\Lib\argparse.py first seen with mtime 1583820672.0
File E:\Assignment\venv\Lib\site-packages\django\urls\exceptions.py first seen with mtime 1608197121.4374979
File C:\Users\Pavilion\Anaconda3\Lib\fnmatch.py first seen with mtime 1583820672.0
File E:\Assignment\accounts\__init__.py first seen with mtime 1608198277.7266672
File E:\Assignment\venv\Lib\site-packages\django\utils\translation\trans_real.py first seen with mtime 1608197121.4854329
File E:\Assignment\venv\Lib\site-packages\django\contrib\contenttypes\apps.py first seen with mtime 1608197117.9246447
File E:\Assignment\venv\Lib\site-packages\django\db\models\functions\comparison.py first seen with mtime 1608197121.2977312
File E:\Assignment\venv\Lib\site-packages\django\utils\lorem_ipsum.py first seen with mtime 1608197121.4694538
File E:\Assignment\venv\Lib\site-packages\django\test\testcases.py first seen with mtime 1608197121.4335034
File E:\Assignment\venv\Lib\site-packages\sqlparse\sql.py first seen with mtime 1608197128.4155905
File E:\Assignment\venv\Lib\site-packages\django\db\backends\utils.py first seen with mtime 1608197121.1778457
File E:\Assignment\venv\Lib\site-packages\django\contrib\messages\constants.py first seen with mtime 1608197119.8792992
File E:\Assignment\venv\Lib\site-packages\django\urls\conf.py first seen with mtime 1608197121.4374979
File E:\Assignment\venv\Lib\site-packages\jwt\utils.py first seen with mtime 1608197652.7678113
File E:\Assignment\venv\Lib\site-packages\pkg_resources\_vendor\packaging\_structures.py first seen with mtime 1608196855.3808568
File C:\Users\Pavilion\Anaconda3\Lib\email\headerregistry.py first seen with mtime 1583820672.0
File C:\Users\Pavilion\Anaconda3\Lib\urllib\response.py first seen with mtime 1583820672.0
File C:\Users\Pavilion\Anaconda3\Lib\html\parser.py first seen with mtime 1583820672.0
File E:\Assignment\venv\Lib\site-packages\django\core\checks\messages.py first seen with mtime 1608197121.05527
File C:\Users\Pavilion\Anaconda3\Lib\ntpath.py first seen with mtime 1583820672.0
File E:\Assignment\venv\Lib\site-packages\urllib3\packages\ssl_match_hostname\__init__.py first seen with mtime 1608217091.6324415
File E:\Assignment\venv\Lib\site-packages\django\db\backends\postgresql\features.py first seen with mtime 1608197121.2337704
File E:\Assignment\venv\Lib\site-packages\django\db\models\sql\constants.py first seen with mtime 1608197121.309708
File E:\Assignment\venv\Lib\site-packages\django\template\__init__.py first seen with mtime 1608197121.3975518
File C:\Users\Pavilion\Anaconda3\Lib\opcode.py first seen with mtime 1583820672.0
File E:\Assignment\venv\Lib\site-packages\django\db\models\deletion.py first seen with mtime 1608197121.273716
File E:\Assignment\venv\Lib\site-packages\django\contrib\messages\__init__.py first seen with mtime 1608197119.8753114
File E:\Assignment\venv\Lib\site-packages\django\utils\deconstruct.py first seen with mtime 1608197121.4534755
File E:\Assignment\venv\Lib\site-packages\jinja2\lexer.py first seen with mtime 1608217076.3205378
File E:\Assignment\venv\Lib\site-packages\rest_framework\apps.py first seen with mtime 1608197609.65746
File E:\Assignment\venv\Lib\site-packages\django\utils\ipv6.py first seen with mtime 1608197121.465461
File E:\Assignment\venv\Lib\site-packages\coreapi\codecs\jsondata.py first seen with mtime 1608217063.8193483
File E:\Assignment\venv\Lib\site-packages\rest_framework\utils\model_meta.py first seen with mtime 1608197609.881833
File E:\Assignment\venv\Lib\site-packages\rest_framework_simplejwt\views.py first seen with mtime 1608197652.0166595
File E:\Assignment\venv\Lib\site-packages\django\views\decorators\csrf.py first seen with mtime 1608197121.493423
File C:\Users\Pavilion\Anaconda3\Lib\ipaddress.py first seen with mtime 1583820672.0
File E:\Assignment\venv\Lib\site-packages\django\utils\tree.py first seen with mtime 1608197121.477446
File C:\Users\Pavilion\Anaconda3\Lib\gettext.py first seen with mtime 1583820672.0
File C:\Users\Pavilion\Anaconda3\Lib\subprocess.py first seen with mtime 1583820672.0
File E:\Assignment\venv\Lib\site-packages\urllib3\connection.py first seen with mtime 1608217091.6028626
File E:\Assignment\venv\Lib\site-packages\django\utils\http.py first seen with mtime 1608197121.4614713
File E:\Assignment\venv\Lib\site-packages\rest_framework\utils\breadcrumbs.py first seen with mtime 1608197609.876901
File E:\Assignment\venv\Lib\site-packages\django\forms\widgets.py first seen with mtime 1608197121.3336425
File E:\Assignment\venv\Lib\site-packages\django\contrib\sessions\models.py first seen with mtime 1608197120.4578903
File E:\Assignment\venv\Lib\site-packages\django\contrib\admin\sites.py first seen with mtime 1608197116.0562546
File E:\Assignment\venv\Lib\site-packages\django\db\models\fields\reverse_related.py first seen with mtime 1608197121.2977312
File E:\Assignment\venv\Lib\site-packages\chardet\sbcharsetprober.py first seen with mtime 1608217093.2703815
File E:\Assignment\venv\Lib\site-packages\django\urls\__init__.py first seen with mtime 1608197121.4335034
File C:\Users\Pavilion\Anaconda3\Lib\logging\__init__.py first seen with mtime 1583820672.0
File E:\Assignment\venv\Lib\site-packages\django\core\checks\model_checks.py first seen with mtime 1608197121.0592654
File E:\Assignment\venv\Lib\site-packages\django\views\decorators\cache.py first seen with mtime 1608197121.4894266
File E:\Assignment\employees\models.py first seen with mtime 1608227712.291206
File E:\Assignment\venv\Lib\site-packages\simplejson\__init__.py first seen with mtime 1608217060.917312
File C:\Users\Pavilion\Anaconda3\Lib\xml\dom\NodeFilter.py first seen with mtime 1583820672.0
File E:\Assignment\venv\Lib\site-packages\django\contrib\admin\templatetags\__init__.py first seen with mtime 1608197117.0937538
File C:\Users\Pavilion\Anaconda3\Lib\distutils\version.py first seen with mtime 1583820672.0
File E:\Assignment\venv\Lib\site-packages\jwt\api_jwt.py first seen with mtime 1608197652.7638168
File E:\Assignment\venv\Lib\site-packages\django\db\migrations\operations\special.py first seen with mtime 1608197121.2657325
File E:\Assignment\venv\Lib\site-packages\django\core\serializers\python.py first seen with mtime 1608197121.1618679
File E:\Assignment\venv\Lib\site-packages\django\contrib\contenttypes\checks.py first seen with mtime 1608197117.9246447
File C:\Users\Pavilion\Anaconda3\Lib\getpass.py first seen with mtime 1583820672.0
File C:\Users\Pavilion\Anaconda3\Lib\asyncio\protocols.py first seen with mtime 1583820672.0
File C:\Users\Pavilion\Anaconda3\Lib\unittest\util.py first seen with mtime 1583820672.0
File E:\Assignment\venv\Lib\site-packages\jinja2\nodes.py first seen with mtime 1608217076.3245034
File E:\Assignment\venv\Lib\site-packages\django\contrib\auth\apps.py first seen with mtime 1608197117.505203
File E:\Assignment\venv\Lib\site-packages\chardet\gb2312freq.py first seen with mtime 1608217093.1707253
File E:\Assignment\venv\Lib\site-packages\django\forms\boundfield.py first seen with mtime 1608197121.3216567
File E:\Assignment\employees\urls.py first seen with mtime 1608227779.183075
File E:\Assignment\venv\Lib\site-packages\django\core\mail\__init__.py first seen with mtime 1608197121.085631
File E:\Assignment\venv\Lib\site-packages\asgiref\sync.py first seen with mtime 1608197126.9554894
File E:\Assignment\venv\Lib\site-packages\django\utils\topological_sort.py first seen with mtime 1608197121.477446
File E:\Assignment\venv\Lib\site-packages\django\views\static.py first seen with mtime 1608197121.4894266
File E:\Assignment\venv\Lib\site-packages\pkg_resources\_vendor\pyparsing.py first seen with mtime 1608196855.3808568
File E:\Assignment\venv\Lib\site-packages\psycopg2\tz.py first seen with mtime 1608197760.5446339
File E:\Assignment\venv\Lib\site-packages\urllib3\_version.py first seen with mtime 1608217091.6028626
File C:\Users\Pavilion\Anaconda3\Lib\xml\dom\minidom.py first seen with mtime 1583820672.0
File E:\Assignment\venv\Lib\site-packages\django\db\migrations\state.py first seen with mtime 1608197121.2577744
File E:\Assignment\venv\Lib\site-packages\django\core\checks\security\base.py first seen with mtime 1608197121.063263
File E:\Assignment\venv\Lib\site-packages\django\utils\termcolors.py first seen with mtime 1608197121.473449
File E:\Assignment\venv\Lib\site-packages\django\middleware\csrf.py first seen with mtime 1608197121.393556
File E:\Assignment\venv\Lib\site-packages\coreapi\transports\__init__.py first seen with mtime 1608217063.8233564
File C:\Users\Pavilion\Anaconda3\Lib\email\header.py first seen with mtime 1583820672.0
File E:\Assignment\venv\Lib\site-packages\django\core\serializers\base.py first seen with mtime 1608197121.1579306
File E:\Assignment\venv\Lib\site-packages\django\utils\hashable.py first seen with mtime 1608197121.4614713
File C:\Users\Pavilion\Anaconda3\Lib\email\generator.py first seen with mtime 1583820672.0
File E:\Assignment\venv\Lib\site-packages\django\conf\locale\__init__.py first seen with mtime 1608197115.6328201
File E:\Assignment\venv\Lib\site-packages\django\utils\translation\reloader.py first seen with mtime 1608197121.4814658
File E:\Assignment\venv\Lib\site-packages\urllib3\util\proxy.py first seen with mtime 1608217091.636442
File C:\Users\Pavilion\Anaconda3\Lib\enum.py first seen with mtime 1583820672.0
File E:\Assignment\venv\Lib\site-packages\rest_framework\settings.py first seen with mtime 1608197609.6853838
File E:\Assignment\venv\Lib\site-packages\django\db\utils.py first seen with mtime 1608197121.169855
File E:\Assignment\venv\Lib\site-packages\certifi\core.py first seen with mtime 1608217087.4285076
File C:\Users\Pavilion\Anaconda3\Lib\http\cookies.py first seen with mtime 1583820672.0
File E:\Assignment\venv\Lib\site-packages\django\db\models\utils.py first seen with mtime 1608197121.28573
File E:\Assignment\venv\Lib\site-packages\django\template\response.py first seen with mtime 1608197121.4095645
File C:\Users\Pavilion\Anaconda3\Lib\re.py first seen with mtime 1583820672.0
File E:\Assignment\venv\Lib\site-packages\urllib3\fields.py first seen with mtime 1608217091.606828
File E:\Assignment\venv\Lib\site-packages\jinja2\_compat.py first seen with mtime 1608217076.307839
File E:\Assignment\venv\Lib\site-packages\django\core\handlers\wsgi.py first seen with mtime 1608197121.0816295
File E:\Assignment\venv\Lib\site-packages\chardet\mbcharsetprober.py first seen with mtime 1608217093.2206044
File C:\Users\Pavilion\Anaconda3\Lib\collections\abc.py first seen with mtime 1583820672.0
File C:\Users\Pavilion\Anaconda3\Lib\urllib\__init__.py first seen with mtime 1583820672.0
File E:\Assignment\venv\Lib\site-packages\psycopg2\compat.py first seen with mtime 1608197760.5374405
File E:\Assignment\venv\Lib\site-packages\django\contrib\admin\decorators.py first seen with mtime 1608197116.0442703
File E:\Assignment\venv\Lib\site-packages\chardet\universaldetector.py first seen with mtime 1608217093.2703815
File E:\Assignment\venv\Lib\site-packages\django\contrib\postgres\fields\array.py first seen with mtime 1608197119.9112556
File E:\Assignment\venv\Lib\site-packages\django\views\generic\edit.py first seen with mtime 1608197121.501417
File C:\Users\Pavilion\Anaconda3\DLLs\_ctypes.pyd first seen with mtime 1588762009.0
File C:\Users\Pavilion\Anaconda3\Lib\asyncio\subprocess.py first seen with mtime 1583820672.0
File E:\Assignment\venv\Lib\site-packages\django\db\models\fields\related.py first seen with mtime 1608197121.2936883
File C:\Users\Pavilion\Anaconda3\Lib\tempfile.py first seen with mtime 1583820672.0
File E:\Assignment\venv\Lib\site-packages\simplejson\compat.py first seen with mtime 1608217060.9212725
File E:\Assignment\venv\Lib\site-packages\django\utils\datetime_safe.py first seen with mtime 1608197121.4534755
File C:\Users\Pavilion\Anaconda3\Lib\decimal.py first seen with mtime 1583820672.0
File C:\Users\Pavilion\Anaconda3\Lib\unittest\main.py first seen with mtime 1583820672.0
File E:\Assignment\venv\Lib\site-packages\asgiref\local.py first seen with mtime 1608197126.9554894
File E:\Assignment\venv\Lib\site-packages\sqlparse\utils.py first seen with mtime 1608197128.4195821
File E:\Assignment\venv\Lib\site-packages\uritemplate\api.py first seen with mtime 1608217074.3118174
File E:\Assignment\venv\Lib\site-packages\requests\cookies.py first seen with mtime 1608217073.6024597
File C:\Users\Pavilion\Anaconda3\Lib\asyncio\selector_events.py first seen with mtime 1583820672.0
File C:\Users\Pavilion\Anaconda3\Lib\heapq.py first seen with mtime 1583820672.0
File E:\Assignment\venv\Lib\site-packages\chardet\langrussianmodel.py first seen with mtime 1608217093.2166047
File E:\Assignment\venv\Lib\site-packages\urllib3\util\response.py first seen with mtime 1608217091.636442
File E:\Assignment\venv\Lib\site-packages\rest_framework\generics.py first seen with mtime 1608197609.6694043
File C:\Users\Pavilion\Anaconda3\Lib\socketserver.py first seen with mtime 1583820672.0
File C:\Users\Pavilion\Anaconda3\Lib\email\mime\nonmultipart.py first seen with mtime 1583820672.0
File E:\Assignment\venv\Lib\site-packages\rest_framework_swagger\settings.py first seen with mtime 1608217055.3865614
File C:\Users\Pavilion\Anaconda3\Lib\weakref.py first seen with mtime 1583820672.0
File E:\Assignment\venv\Lib\site-packages\django\db\migrations\operations\utils.py first seen with mtime 1608197121.2657325
File C:\Users\Pavilion\Anaconda3\Lib\codecs.py first seen with mtime 1583820672.0
File E:\Assignment\venv\Lib\site-packages\jinja2\exceptions.py first seen with mtime 1608217076.3198388
File E:\Assignment\venv\Lib\site-packages\openapi_codec\encode.py first seen with mtime 1500463616.0
File E:\Assignment\venv\Lib\site-packages\urllib3\util\ssl_.py first seen with mtime 1608217091.640442
File E:\Assignment\venv\Lib\site-packages\django\db\migrations\operations\base.py first seen with mtime 1608197121.261769
File C:\Users\Pavilion\Anaconda3\Lib\urllib\parse.py first seen with mtime 1583820672.0
File E:\Assignment\venv\Lib\site-packages\django\core\servers\basehttp.py first seen with mtime 1608197121.1658597
File E:\Assignment\venv\Lib\site-packages\django\db\backends\base\__init__.py first seen with mtime 1608197121.1778457
File E:\Assignment\venv\Lib\site-packages\django\core\checks\security\__init__.py first seen with mtime 1608197121.063263
File E:\Assignment\venv\Lib\site-packages\django\contrib\staticfiles\views.py first seen with mtime 1608197121.0273066
File E:\Assignment\venv\Lib\site-packages\sqlparse\filters\others.py first seen with mtime 1608197128.4275723
File E:\Assignment\venv\Lib\site-packages\chardet\sbcsgroupprober.py first seen with mtime 1608217093.2703815
File E:\Assignment\venv\Lib\site-packages\urllib3\response.py first seen with mtime 1608217091.6108289
File E:\Assignment\venv\Lib\site-packages\django\core\files\images.py first seen with mtime 1608197121.0712483
File E:\Assignment\venv\Lib\site-packages\django\utils\inspect.py first seen with mtime 1608197121.4614713
File E:\Assignment\venv\Lib\site-packages\django\contrib\postgres\fields\ranges.py first seen with mtime 1608197119.9152522
File E:\Assignment\employees\serializers.py first seen with mtime 1608227722.2312071
File E:\Assignment\venv\Lib\site-packages\django\contrib\contenttypes\views.py first seen with mtime 1608197117.9286392
File E:\Assignment\venv\Lib\site-packages\chardet\utf8prober.py first seen with mtime 1608217093.2743814
File C:\Users\Pavilion\Anaconda3\Lib\html\entities.py first seen with mtime 1583820672.0
File C:\Users\Pavilion\Anaconda3\Lib\sre_parse.py first seen with mtime 1583820672.0
File E:\Assignment\venv\Lib\site-packages\chardet\escsm.py first seen with mtime 1608217093.1667254
File E:\Assignment\venv\Lib\site-packages\chardet\__init__.py first seen with mtime 1608217093.1229534
File E:\Assignment\venv\Lib\site-packages\django\core\servers\__init__.py first seen with mtime 1608197121.1658597
File E:\Assignment\venv\Lib\site-packages\django\contrib\postgres\forms\hstore.py first seen with mtime 1608197119.919246
File E:\Assignment\venv\Lib\site-packages\openapi_codec\__init__.py first seen with mtime 1500463635.0
File E:\Assignment\venv\Lib\site-packages\sqlparse\exceptions.py first seen with mtime 1608197128.4115925
File E:\Assignment\venv\Lib\site-packages\django\utils\datastructures.py first seen with mtime 1608197121.4495199
File E:\Assignment\venv\Lib\site-packages\django\contrib\auth\management\__init__.py first seen with mtime 1608197117.8966808
File E:\Assignment\venv\Lib\site-packages\rest_framework\utils\encoders.py first seen with mtime 1608197609.876901
File E:\Assignment\venv\Lib\site-packages\django\contrib\staticfiles\handlers.py first seen with mtime 1608197121.0193186
File E:\Assignment\venv\Lib\site-packages\django\test\html.py first seen with mtime 1608197121.429508
File E:\Assignment\venv\Lib\site-packages\django\forms\formsets.py first seen with mtime 1608197121.3296425
File E:\Assignment\accounts\views.py first seen with mtime 1608227630.4072397
File E:\Assignment\venv\Lib\site-packages\django\contrib\sessions\base_session.py first seen with mtime 1608197120.453896
File E:\Assignment\venv\Lib\site-packages\django\core\checks\urls.py first seen with mtime 1608197121.0592654
File E:\Assignment\venv\Lib\site-packages\django\core\exceptions.py first seen with mtime 1608197121.035336
File E:\Assignment\venv\Lib\site-packages\django\template\library.py first seen with mtime 1608197121.405542
File C:\Users\Pavilion\Anaconda3\Lib\random.py first seen with mtime 1583820672.0
File E:\Assignment\venv\Lib\site-packages\django\core\handlers\exception.py first seen with mtime 1608197121.0816295
File E:\Assignment\venv\Lib\site-packages\pkg_resources\_vendor\packaging\__init__.py first seen with mtime 1608196855.3808568
File E:\Assignment\venv\Lib\site-packages\coreschema\utils.py first seen with mtime 1486549794.0
File E:\Assignment\venv\Lib\site-packages\pkg_resources\__init__.py first seen with mtime 1608196855.3728597
File E:\Assignment\venv\Lib\site-packages\django\core\files\uploadedfile.py first seen with mtime 1608197121.0752432
File E:\Assignment\venv\Lib\site-packages\rest_framework\checks.py first seen with mtime 1608197609.65746
File C:\Users\Pavilion\Anaconda3\Lib\sre_compile.py first seen with mtime 1583820672.0
File E:\Assignment\venv\Lib\site-packages\rest_framework\schemas\openapi.py first seen with mtime 1608197609.7810214
File C:\Users\Pavilion\Anaconda3\Lib\copy.py first seen with mtime 1583820672.0
File E:\Assignment\venv\Lib\site-packages\django\contrib\admindocs\views.py first seen with mtime 1608197117.1097348
File E:\Assignment\venv\Lib\site-packages\jinja2\environment.py first seen with mtime 1608217076.3158379
File C:\Users\Pavilion\Anaconda3\Lib\unittest\__init__.py first seen with mtime 1583820672.0
File E:\Assignment\venv\Lib\site-packages\django\contrib\auth\decorators.py first seen with mtime 1608197117.51719
File E:\Assignment\venv\Lib\site-packages\django\contrib\staticfiles\checks.py first seen with mtime 1608197121.0193186
File E:\Assignment\venv\Lib\site-packages\django\db\models\enums.py first seen with mtime 1608197121.273716
File C:\Users\Pavilion\Anaconda3\Lib\asyncio\constants.py first seen with mtime 1583820672.0
File E:\Assignment\venv\Lib\site-packages\django\test\signals.py first seen with mtime 1608197121.4335034
File C:\Users\Pavilion\Anaconda3\Lib\email\mime\base.py first seen with mtime 1583820672.0
File C:\Users\Pavilion\Anaconda3\Lib\calendar.py first seen with mtime 1583820672.0
File E:\Assignment\venv\Lib\site-packages\django\db\models\functions\__init__.py first seen with mtime 1608197121.2977312
File E:\Assignment\venv\Lib\site-packages\django\db\models\fields\json.py first seen with mtime 1608197121.2896962
File E:\Assignment\venv\Lib\site-packages\django\contrib\auth\views.py first seen with mtime 1608197117.5571373
File E:\Assignment\venv\Lib\site-packages\django\utils\timesince.py first seen with mtime 1608197121.473449
File E:\Assignment\venv\Lib\site-packages\rest_framework\status.py first seen with mtime 1608197609.6853838
File E:\Assignment\venv\Lib\site-packages\rest_framework_simplejwt\settings.py first seen with mtime 1608197652.0126636
File E:\Assignment\employees\views.py first seen with mtime 1608227858.6283312
File E:\Assignment\venv\Lib\site-packages\chardet\langturkishmodel.py first seen with mtime 1608217093.2206044
File E:\Assignment\venv\Lib\site-packages\django\contrib\postgres\validators.py first seen with mtime 1608197119.9032688
File E:\Assignment\venv\Lib\site-packages\django\core\validators.py first seen with mtime 1608197121.0392911
File E:\Assignment\venv\Lib\site-packages\rest_framework\urls.py first seen with mtime 1608197609.6893764
File E:\Assignment\venv\Lib\site-packages\django\utils\duration.py first seen with mtime 1608197121.4574704
File E:\Assignment\venv\Lib\site-packages\rest_framework_simplejwt\exceptions.py first seen with mtime 1608197652.0126636
File E:\Assignment\venv\Lib\site-packages\rest_framework\utils\__init__.py first seen with mtime 1608197609.876901
File C:\Users\Pavilion\Anaconda3\Lib\email\errors.py first seen with mtime 1583820672.0
File C:\Users\Pavilion\Anaconda3\Lib\asyncio\locks.py first seen with mtime 1583820672.0
File E:\Assignment\venv\Lib\site-packages\django\template\smartif.py first seen with mtime 1608197121.4095645
File C:\Users\Pavilion\Anaconda3\Lib\hmac.py first seen with mtime 1583820672.0
File C:\Users\Pavilion\Anaconda3\Lib\asyncio\events.py first seen with mtime 1583820672.0
File E:\Assignment\venv\Lib\site-packages\pytz\__init__.py first seen with mtime 1608197125.2233813
File E:\Assignment\venv\Lib\site-packages\django\contrib\staticfiles\finders.py first seen with mtime 1608197121.0193186
File E:\Assignment\venv\Lib\site-packages\django\utils\baseconv.py first seen with mtime 1608197121.4454877
File E:\Assignment\venv\Lib\site-packages\django\views\i18n.py first seen with mtime 1608197121.4894266
File C:\Users\Pavilion\Anaconda3\Lib\_collections_abc.py first seen with mtime 1583820672.0
File E:\Assignment\venv\Lib\site-packages\django\core\signals.py first seen with mtime 1608197121.035336
File E:\Assignment\venv\Lib\site-packages\django\contrib\admin\views\__init__.py first seen with mtime 1608197117.0977492
File E:\Assignment\venv\Lib\site-packages\jwt\__init__.py first seen with mtime 1608197652.7598574
File E:\Assignment\venv\Lib\site-packages\django\forms\renderers.py first seen with mtime 1608197121.3296425
File C:\Users\Pavilion\Anaconda3\Lib\json\encoder.py first seen with mtime 1583820672.0
File C:\Users\Pavilion\Anaconda3\Lib\datetime.py first seen with mtime 1583820672.0
File E:\Assignment\venv\Lib\site-packages\coreapi\codecs\python.py first seen with mtime 1608217063.8193483
File C:\Users\Pavilion\Anaconda3\Lib\collections\__init__.py first seen with mtime 1583820672.0
File C:\Users\Pavilion\Anaconda3\Lib\email\contentmanager.py first seen with mtime 1583820672.0
File E:\Assignment\venv\Lib\site-packages\chardet\langthaimodel.py first seen with mtime 1608217093.2206044
File E:\Assignment\venv\Lib\site-packages\chardet\euckrfreq.py first seen with mtime 1608217093.1667254
File E:\Assignment\venv\Lib\site-packages\django\db\backends\postgresql\__init__.py first seen with mtime 1608197121.2298167
File C:\Users\Pavilion\Anaconda3\Lib\string.py first seen with mtime 1583820672.0
File E:\Assignment\venv\Lib\site-packages\django\contrib\sites\shortcuts.py first seen with mtime 1608197120.743686
File E:\Assignment\venv\Lib\site-packages\django\utils\dates.py first seen with mtime 1608197121.4534755
File E:\Assignment\venv\Lib\site-packages\django\db\models\lookups.py first seen with mtime 1608197121.277711
File C:\Users\Pavilion\Anaconda3\Lib\quopri.py first seen with mtime 1583820672.0
File C:\Users\Pavilion\Anaconda3\Lib\ctypes\wintypes.py first seen with mtime 1583820672.0
File E:\Assignment\venv\Lib\site-packages\coreschema\schemas.py first seen with mtime 1486556597.0
File E:\Assignment\venv\Lib\site-packages\django\core\files\utils.py first seen with mtime 1608197121.079238
File C:\Users\Pavilion\Anaconda3\Lib\asyncio\streams.py first seen with mtime 1583820672.0
File E:\Assignment\venv\Lib\site-packages\django\contrib\contenttypes\forms.py first seen with mtime 1608197117.9286392
File E:\Assignment\venv\Lib\site-packages\django\contrib\postgres\forms\array.py first seen with mtime 1608197119.919246
File E:\Assignment\venv\Lib\site-packages\coreschema\formats.py first seen with mtime 1485963706.0
File E:\Assignment\venv\Lib\site-packages\django\db\models\query.py first seen with mtime 1608197121.2817266
File E:\Assignment\venv\Lib\site-packages\django\test\__init__.py first seen with mtime 1608197121.4255457
File E:\Assignment\venv\Lib\site-packages\sqlparse\engine\__init__.py first seen with mtime 1608197128.4195821
File E:\Assignment\venv\Lib\site-packages\django\shortcuts.py first seen with mtime 1608197115.6168816
File C:\Users\Pavilion\Anaconda3\DLLs\_lzma.pyd first seen with mtime 1588762033.0
File E:\Assignment\venv\Lib\site-packages\django\utils\translation\__init__.py first seen with mtime 1608197121.4814658
File E:\Assignment\venv\Lib\site-packages\itypes.py first seen with mtime 1608217066.5650964
File E:\Assignment\venv\Lib\site-packages\jwt\api_jws.py first seen with mtime 1608197652.7638168
File E:\Assignment\venv\Lib\site-packages\requests\status_codes.py first seen with mtime 1608217073.610003
File E:\Assignment\venv\Lib\site-packages\rest_framework\utils\mediatypes.py first seen with mtime 1608197609.881833
File E:\Assignment\venv\Lib\site-packages\rest_framework\utils\representation.py first seen with mtime 1608197609.8858309
File C:\Users\Pavilion\Anaconda3\Lib\email\feedparser.py first seen with mtime 1583820672.0
File E:\Assignment\venv\Lib\site-packages\sqlparse\filters\__init__.py first seen with mtime 1608197128.4275723
File E:\Assignment\venv\Lib\site-packages\django\forms\fields.py first seen with mtime 1608197121.3256474
File E:\Assignment\venv\Lib\site-packages\pkg_resources\extern\__init__.py first seen with mtime 1608196855.3888516
File E:\Assignment\venv\Lib\site-packages\django\contrib\admindocs\__init__.py first seen with mtime 1608197117.1017432
File C:\Users\Pavilion\Anaconda3\Lib\email\parser.py first seen with mtime 1583820672.0
File E:\Assignment\venv\Lib\site-packages\rest_framework\views.py first seen with mtime 1608197609.6893764
File C:\Users\Pavilion\Anaconda3\Lib\email\__init__.py first seen with mtime 1583820672.0
File E:\Assignment\venv\Lib\site-packages\django\contrib\auth\signals.py first seen with mtime 1608197117.5451512
File E:\Assignment\venv\Lib\site-packages\django\core\handlers\asgi.py first seen with mtime 1608197121.0816295
File E:\Assignment\venv\Lib\site-packages\django\db\models\functions\mixins.py first seen with mtime 1608197121.301679
File C:\Users\Pavilion\Anaconda3\Lib\xml\dom\__init__.py first seen with mtime 1583820672.0
File E:\Assignment\venv\Lib\site-packages\jinja2\bccache.py first seen with mtime 1608217076.3118384
File E:\Assignment\venv\Lib\site-packages\django\conf\__init__.py first seen with mtime 1608197115.624851
File E:\Assignment\venv\Lib\site-packages\django\http\request.py first seen with mtime 1608197121.3855672
File E:\Assignment\venv\Lib\site-packages\jinja2\parser.py first seen with mtime 1608217076.3285148
File E:\Assignment\venv\Lib\site-packages\uritemplate\__init__.py first seen with mtime 1608217074.3118174
File E:\Assignment\venv\Lib\site-packages\django\db\models\fields\related_lookups.py first seen with mtime 1608197121.2936883
File C:\Users\Pavilion\Anaconda3\Lib\http\cookiejar.py first seen with mtime 1583820672.0
File E:\Assignment\venv\Lib\site-packages\requests\hooks.py first seen with mtime 1608217073.6084855
File C:\Users\Pavilion\Anaconda3\Lib\_weakrefset.py first seen with mtime 1583820672.0
File C:\Users\Pavilion\Anaconda3\Lib\bz2.py first seen with mtime 1583820672.0
File C:\Users\Pavilion\Anaconda3\Lib\xml\__init__.py first seen with mtime 1583820672.0
File E:\Assignment\venv\Lib\site-packages\django\dispatch\dispatcher.py first seen with mtime 1608197121.3176596
File C:\Users\Pavilion\Anaconda3\Lib\asyncio\queues.py first seen with mtime 1583820672.0
File E:\Assignment\venv\Lib\site-packages\pkg_resources\_vendor\packaging\version.py first seen with mtime 1608196855.3888516
File C:\Users\Pavilion\Anaconda3\Lib\uuid.py first seen with mtime 1583820672.0
File E:\Assignment\venv\Lib\site-packages\django\core\checks\translation.py first seen with mtime 1608197121.0592654
File C:\Users\Pavilion\Anaconda3\Lib\http\__init__.py first seen with mtime 1583820672.0
File E:\Assignment\venv\Lib\site-packages\django\views\generic\base.py first seen with mtime 1608197121.497417
File E:\Assignment\venv\Lib\site-packages\pkg_resources\_vendor\__init__.py first seen with mtime 1608196855.3728597
File E:\Assignment\venv\Lib\site-packages\django\views\debug.py first seen with mtime 1608197121.4854329
File C:\Users\Pavilion\Anaconda3\DLLs\_queue.pyd first seen with mtime 1588762004.0
File E:\Assignment\venv\Lib\site-packages\django\template\engine.py first seen with mtime 1608197121.4015453
File E:\Assignment\venv\Lib\site-packages\django\urls\base.py first seen with mtime 1608197121.4374979
File E:\Assignment\venv\Lib\site-packages\django\views\generic\detail.py first seen with mtime 1608197121.501417
File E:\Assignment\venv\Lib\site-packages\django\contrib\auth\__init__.py first seen with mtime 1608197117.505203
File E:\Assignment\venv\Lib\site-packages\rest_framework\utils\html.py first seen with mtime 1608197609.881833
File C:\Users\Pavilion\Anaconda3\Lib\sysconfig.py first seen with mtime 1588756805.0
File E:\Assignment\venv\Lib\site-packages\urllib3\contrib\_appengine_environ.py first seen with mtime 1608217091.6148274
File E:\Assignment\venv\Lib\site-packages\django\core\management\color.py first seen with mtime 1608197121.1216145
File E:\Assignment\venv\Lib\site-packages\django\db\models\functions\math.py first seen with mtime 1608197121.301679
File E:\Assignment\venv\Lib\site-packages\requests\sessions.py first seen with mtime 1608217073.610003
File E:\Assignment\venv\Lib\site-packages\django\contrib\postgres\fields\hstore.py first seen with mtime 1608197119.9152522
File E:\Assignment\venv\Lib\site-packages\django\db\migrations\operations\fields.py first seen with mtime 1608197121.261769
File E:\Assignment\venv\Lib\site-packages\django\contrib\staticfiles\__init__.py first seen with mtime 1608197121.0153234
File E:\Assignment\venv\Lib\site-packages\django\contrib\sessions\__init__.py first seen with mtime 1608197120.453896
File C:\Users\Pavilion\Anaconda3\Lib\asyncio\base_tasks.py first seen with mtime 1583820672.0
File E:\Assignment\venv\Lib\site-packages\django\forms\__init__.py first seen with mtime 1608197121.3216567
File E:\Assignment\venv\Lib\site-packages\jinja2\defaults.py first seen with mtime 1608217076.3158379
File E:\Assignment\venv\Lib\site-packages\django\forms\forms.py first seen with mtime 1608197121.3256474
File E:\Assignment\venv\Lib\site-packages\django\db\models\fields\related_descriptors.py first seen with mtime 1608197121.2936883
File E:\Assignment\venv\Lib\site-packages\chardet\big5freq.py first seen with mtime 1608217093.1229534
File E:\Assignment\venv\Lib\site-packages\chardet\langgreekmodel.py first seen with mtime 1608217093.2125533
File E:\Assignment\venv\Lib\site-packages\django\utils\regex_helper.py first seen with mtime 1608197121.4694538
File C:\Users\Pavilion\Anaconda3\Lib\concurrent\__init__.py first seen with mtime 1583820672.0
File E:\Assignment\venv\Lib\site-packages\django\views\generic\list.py first seen with mtime 1608197121.501417
File E:\Assignment\venv\Lib\site-packages\rest_framework\authentication.py first seen with mtime 1608197609.65746
File E:\Assignment\venv\Lib\site-packages\sqlparse\tokens.py first seen with mtime 1608197128.4155905
File E:\Assignment\venv\Lib\site-packages\sqlparse\engine\filter_stack.py first seen with mtime 1608197128.4195821
File E:\Assignment\venv\Lib\site-packages\jwt\exceptions.py first seen with mtime 1608197652.7678113
File E:\Assignment\venv\Lib\site-packages\django\db\migrations\exceptions.py first seen with mtime 1608197121.2497482
File C:\Users\Pavilion\Anaconda3\Lib\dis.py first seen with mtime 1583820672.0
File E:\Assignment\venv\Lib\site-packages\django\views\decorators\debug.py first seen with mtime 1608197121.493423
File E:\Assignment\venv\Lib\site-packages\rest_framework\utils\humanize_datetime.py first seen with mtime 1608197609.881833
File E:\Assignment\venv\Lib\site-packages\django\utils\deprecation.py first seen with mtime 1608197121.4534755
File E:\Assignment\venv\Lib\site-packages\django\contrib\staticfiles\apps.py first seen with mtime 1608197121.0153234
File E:\Assignment\venv\Lib\site-packages\django\core\files\storage.py first seen with mtime 1608197121.0752432
File E:\Assignment\company\settings.py first seen with mtime 1608227532.2474115
File C:\Users\Pavilion\Anaconda3\Lib\gzip.py first seen with mtime 1583820672.0
File E:\Assignment\venv\Lib\site-packages\pkg_resources\py31compat.py first seen with mtime 1608196855.3728597
File E:\Assignment\venv\Lib\site-packages\pytz\exceptions.py first seen with mtime 1608197125.2273762
File E:\Assignment\venv\Lib\site-packages\jwt\compat.py first seen with mtime 1608197652.7638168
File E:\Assignment\venv\Lib\site-packages\django\contrib\admin\helpers.py first seen with mtime 1608197116.0522597
File C:\Users\Pavilion\Anaconda3\DLLs\select.pyd first seen with mtime 1588762010.0
File E:\Assignment\venv\Lib\site-packages\rest_framework\validators.py first seen with mtime 1608197609.6893764
File E:\Assignment\venv\Lib\site-packages\coreapi\codecs\text.py first seen with mtime 1608217063.8233564
File E:\Assignment\venv\Lib\site-packages\django\core\checks\async_checks.py first seen with mtime 1608197121.051277
File C:\Users\Pavilion\Anaconda3\Lib\asyncio\runners.py first seen with mtime 1583820672.0
File E:\Assignment\venv\Lib\site-packages\django\contrib\messages\apps.py first seen with mtime 1608197119.8792992
File E:\Assignment\venv\Lib\site-packages\django\template\backends\django.py first seen with mtime 1608197121.413529
File E:\Assignment\venv\Lib\site-packages\rest_framework_simplejwt\__init__.py first seen with mtime 1608197652.0046751
File E:\Assignment\venv\Lib\site-packages\jinja2\visitor.py first seen with mtime 1608217076.3365412
File E:\Assignment\venv\Lib\site-packages\django\core\checks\security\sessions.py first seen with mtime 1608197121.067254
File E:\Assignment\venv\Lib\site-packages\sqlparse\filters\output.py first seen with mtime 1608197128.4275723
File E:\Assignment\venv\Lib\site-packages\rest_framework\parsers.py first seen with mtime 1608197609.6774411
File E:\Assignment\venv\Lib\site-packages\django\db\backends\base\client.py first seen with mtime 1608197121.1778457
File E:\Assignment\venv\Lib\site-packages\django\urls\resolvers.py first seen with mtime 1608197121.4414918
File E:\Assignment\accounts\models.py first seen with mtime 1608227683.6075697
File C:\Users\Pavilion\Anaconda3\Lib\email\_encoded_words.py first seen with mtime 1583820672.0
File C:\Users\Pavilion\Anaconda3\Lib\sre_constants.py first seen with mtime 1583820672.0
File E:\Assignment\venv\Lib\site-packages\urllib3\__init__.py first seen with mtime 1608217091.6028626
File C:\Users\Pavilion\Anaconda3\Lib\unittest\case.py first seen with mtime 1583820672.0
File E:\Assignment\venv\Lib\site-packages\django\contrib\admin\utils.py first seen with mtime 1608197116.0562546
File E:\Assignment\venv\Lib\site-packages\django\core\files\base.py first seen with mtime 1608197121.067254
File E:\Assignment\venv\Lib\site-packages\django\views\__init__.py first seen with mtime 1608197121.4854329
File C:\Users\Pavilion\Anaconda3\Lib\cgi.py first seen with mtime 1583820672.0
File C:\Users\Pavilion\Anaconda3\Lib\importlib\resources.py first seen with mtime 1583820672.0
File C:\Users\Pavilion\Anaconda3\Lib\struct.py first seen with mtime 1583820672.0
File C:\Users\Pavilion\Anaconda3\Lib\concurrent\futures\__init__.py first seen with mtime 1583820672.0
File E:\Assignment\venv\Lib\site-packages\django\contrib\admin\filters.py first seen with mtime 1608197116.0482652
File E:\Assignment\venv\Lib\site-packages\django\core\wsgi.py first seen with mtime 1608197121.0392911
File C:\Users\Pavilion\Anaconda3\Lib\pathlib.py first seen with mtime 1583820672.0
File E:\Assignment\venv\Lib\site-packages\django\core\checks\database.py first seen with mtime 1608197121.051277
File C:\Users\Pavilion\Anaconda3\Lib\stringprep.py first seen with mtime 1583820672.0
File E:\Assignment\venv\Lib\site-packages\django\contrib\admin\checks.py first seen with mtime 1608197116.0442703
File E:\Assignment\venv\Lib\site-packages\sqlparse\filters\right_margin.py first seen with mtime 1608197128.4315674
File C:\Users\Pavilion\Anaconda3\Lib\json\scanner.py first seen with mtime 1583820672.0
File E:\Assignment\venv\Lib\site-packages\pkg_resources\_vendor\packaging\__about__.py first seen with mtime 1608196855.3808568
File C:\Users\Pavilion\Anaconda3\Lib\textwrap.py first seen with mtime 1583820672.0
File E:\Assignment\venv\Lib\site-packages\django\middleware\__init__.py first seen with mtime 1608197121.3895621
File E:\Assignment\venv\Lib\site-packages\chardet\jisfreq.py first seen with mtime 1608217093.1747262
File E:\Assignment\venv\Lib\site-packages\django\db\backends\postgresql\schema.py first seen with mtime 1608197121.2377665
File E:\Assignment\venv\Lib\site-packages\sqlparse\formatter.py first seen with mtime 1608197128.4115925
File C:\Users\Pavilion\Anaconda3\Lib\xml\dom\xmlbuilder.py first seen with mtime 1583820672.0
File E:\Assignment\venv\Lib\site-packages\urllib3\util\retry.py first seen with mtime 1608217091.640442
File E:\Assignment\venv\Lib\site-packages\django\db\backends\signals.py first seen with mtime 1608197121.1778457
File E:\Assignment\venv\Lib\site-packages\rest_framework\schemas\__init__.py first seen with mtime 1608197609.773265
File E:\Assignment\venv\Lib\site-packages\pkg_resources\_vendor\appdirs.py first seen with mtime 1608196855.3728597
File E:\Assignment\venv\Lib\site-packages\django\conf\urls\__init__.py first seen with mtime 1608197116.0362809
File C:\Users\Pavilion\Anaconda3\Lib\asyncio\transports.py first seen with mtime 1583820672.0
File C:\Users\Pavilion\Anaconda3\Lib\selectors.py first seen with mtime 1583820672.0
File E:\Assignment\venv\Lib\site-packages\django\contrib\auth\models.py first seen with mtime 1608197117.5291724
File E:\Assignment\venv\Lib\site-packages\django\db\models\indexes.py first seen with mtime 1608197121.277711
File E:\Assignment\venv\Lib\site-packages\django\templatetags\__init__.py first seen with mtime 1608197121.4215188
File E:\Assignment\venv\Lib\site-packages\coreschema\encodings\__init__.py first seen with mtime 1485963706.0
File C:\Users\Pavilion\Anaconda3\Lib\ssl.py first seen with mtime 1583820672.0
File E:\Assignment\venv\Lib\site-packages\django\db\backends\__init__.py first seen with mtime 1608197121.173864
File E:\Assignment\venv\Lib\site-packages\django\db\backends\postgresql\client.py first seen with mtime 1608197121.2337704
File E:\Assignment\venv\Lib\site-packages\django\db\backends\postgresql\introspection.py first seen with mtime 1608197121.2337704
File E:\Assignment\venv\Lib\site-packages\django\utils\asyncio.py first seen with mtime 1608197121.4454877
File E:\Assignment\venv\Lib\site-packages\django\core\management\sql.py first seen with mtime 1608197121.1255808
File E:\Assignment\venv\Lib\site-packages\chardet\jpcntx.py first seen with mtime 1608217093.1747262
File E:\Assignment\venv\Lib\site-packages\rest_framework\utils\json.py first seen with mtime 1608197609.881833
File E:\Assignment\accounts\admin.py first seen with mtime 1608203701.1863406
File E:\Assignment\venv\Lib\site-packages\django\conf\global_settings.py first seen with mtime 1608197115.624851
File E:\Assignment\venv\Lib\site-packages\pytz\tzfile.py first seen with mtime 1608197125.2314105
File E:\Assignment\venv\Lib\site-packages\django\core\checks\caches.py first seen with mtime 1608197121.051277
File E:\Assignment\venv\Lib\site-packages\jinja2\__init__.py first seen with mtime 1608217076.307839
File E:\Assignment\venv\Lib\site-packages\simplejson\errors.py first seen with mtime 1608217060.9252732
File C:\Users\Pavilion\Anaconda3\Lib\importlib\abc.py first seen with mtime 1583820672.0
File E:\Assignment\venv\Lib\site-packages\rest_framework\schemas\inspectors.py first seen with mtime 1608197609.7772596
File E:\Assignment\venv\Lib\site-packages\django\test\client.py first seen with mtime 1608197121.429508
File C:\Users\Pavilion\Anaconda3\Lib\concurrent\futures\_base.py first seen with mtime 1583820672.0
File E:\Assignment\employees\__init__.py first seen with mtime 1608209462.5079823
File C:\Users\Pavilion\Anaconda3\Lib\io.py first seen with mtime 1583820672.0
File E:\Assignment\venv\Lib\site-packages\django\db\migrations\__init__.py first seen with mtime 1608197121.2457929
File E:\Assignment\employees\admin.py first seen with mtime 1608227862.0435066
File C:\Users\Pavilion\Anaconda3\Lib\abc.py first seen with mtime 1583820672.0
File E:\Assignment\venv\Lib\site-packages\jinja2\optimizer.py first seen with mtime 1608217076.3285148
File E:\Assignment\venv\Lib\site-packages\rest_framework_swagger\views.py first seen with mtime 1608217055.3865614
File E:\Assignment\venv\Lib\site-packages\openapi_codec\decode.py first seen with mtime 1486559252.0
File E:\Assignment\venv\Lib\site-packages\sqlparse\filters\tokens.py first seen with mtime 1608197128.4315674
File E:\Assignment\venv\Lib\site-packages\django\__init__.py first seen with mtime 1608197115.6168816
File C:\Users\Pavilion\Anaconda3\Lib\hashlib.py first seen with mtime 1583820672.0
File C:\Users\Pavilion\Anaconda3\Lib\token.py first seen with mtime 1583820672.0
File E:\Assignment\venv\Lib\site-packages\urllib3\exceptions.py first seen with mtime 1608217091.606828
File E:\Assignment\venv\Lib\site-packages\django\contrib\admindocs\utils.py first seen with mtime 1608197117.1057386
File E:\Assignment\company\__init__.py first seen with mtime 1608198107.857743
File C:\Users\Pavilion\Anaconda3\Lib\uu.py first seen with mtime 1583820672.0
File E:\Assignment\venv\Lib\site-packages\chardet\escprober.py first seen with mtime 1608217093.1667254
File E:\Assignment\venv\Lib\site-packages\django\contrib\staticfiles\management\commands\runserver.py first seen with mtime 1608197121.031351
File E:\Assignment\venv\Lib\site-packages\simplejson\decoder.py first seen with mtime 1608217060.9212725
File E:\Assignment\venv\Lib\site-packages\django\db\backends\base\operations.py first seen with mtime 1608197121.1818402
File C:\Users\Pavilion\Anaconda3\Lib\locale.py first seen with mtime 1583820672.0
File E:\Assignment\venv\Lib\site-packages\django\db\models\expressions.py first seen with mtime 1608197121.273716
File E:\Assignment\venv\Lib\site-packages\django\template\exceptions.py first seen with mtime 1608197121.405542
File E:\Assignment\venv\Lib\site-packages\rest_framework\utils\serializer_helpers.py first seen with mtime 1608197609.8858309
File E:\Assignment\venv\Lib\site-packages\simplejson\_speedups.cp37-win_amd64.pyd first seen with mtime 1608217060.9212725
File E:\Assignment\venv\Lib\site-packages\django\http\__init__.py first seen with mtime 1608197121.3855672
File E:\Assignment\venv\Lib\site-packages\django\middleware\cache.py first seen with mtime 1608197121.3895621
File E:\Assignment\venv\Lib\site-packages\django\templatetags\static.py first seen with mtime 1608197121.4255457
File E:\Assignment\venv\Lib\site-packages\django\contrib\postgres\forms\jsonb.py first seen with mtime 1608197119.923242
File E:\Assignment\venv\Lib\site-packages\django\utils\text.py first seen with mtime 1608197121.473449
File C:\Users\Pavilion\Anaconda3\DLLs\unicodedata.pyd first seen with mtime 1588762007.0
File C:\Users\Pavilion\Anaconda3\Lib\asyncio\__init__.py first seen with mtime 1583820672.0
File E:\Assignment\venv\Lib\site-packages\requests\certs.py first seen with mtime 1608217073.5901256
File E:\Assignment\venv\Lib\site-packages\sqlparse\lexer.py first seen with mtime 1608197128.4155905
File E:\Assignment\venv\Lib\site-packages\chardet\enums.py first seen with mtime 1608217093.1627257
File C:\Users\Pavilion\Anaconda3\Lib\_sitebuiltins.py first seen with mtime 1583820672.0
File C:\Users\Pavilion\Anaconda3\Lib\pickle.py first seen with mtime 1583820672.0
File C:\Users\Pavilion\Anaconda3\Lib\xml\dom\minicompat.py first seen with mtime 1583820672.0
File E:\Assignment\venv\Lib\site-packages\django\contrib\contenttypes\management\__init__.py first seen with mtime 1608197118.2601955
File E:\Assignment\venv\Lib\site-packages\chardet\big5prober.py first seen with mtime 1608217093.1269536
File E:\Assignment\venv\Lib\site-packages\django\contrib\postgres\utils.py first seen with mtime 1608197119.9032688
File C:\Users\Pavilion\Anaconda3\Lib\asyncio\futures.py first seen with mtime 1583820672.0
File C:\Users\Pavilion\Anaconda3\Lib\email\_parseaddr.py first seen with mtime 1583820672.0
File C:\Users\Pavilion\Anaconda3\DLLs\_hashlib.pyd first seen with mtime 1588762008.0
File E:\Assignment\venv\Lib\site-packages\chardet\version.py first seen with mtime 1608217093.2743814
File C:\Users\Pavilion\Anaconda3\Lib\threading.py first seen with mtime 1583820672.0
File E:\Assignment\venv\Lib\site-packages\rest_framework\negotiation.py first seen with mtime 1608197609.6733997
File E:\Assignment\venv\Lib\site-packages\urllib3\packages\six.py first seen with mtime 1608217091.628443
File E:\Assignment\venv\Lib\site-packages\django\template\backends\base.py first seen with mtime 1608197121.4095645
File E:\Assignment\venv\Lib\site-packages\coreapi\codecs\base.py first seen with mtime 1608217063.8153481
File E:\Assignment\venv\Lib\site-packages\django\db\backends\base\features.py first seen with mtime 1608197121.1818402
File E:\Assignment\venv\Lib\site-packages\django\contrib\contenttypes\__init__.py first seen with mtime 1608197117.9206474
File E:\Assignment\venv\Lib\site-packages\django\contrib\postgres\lookups.py first seen with mtime 1608197119.8992724
File E:\Assignment\venv\Lib\site-packages\django\db\__init__.py first seen with mtime 1608197121.1658597
File E:\Assignment\venv\Lib\site-packages\django\db\models\constraints.py first seen with mtime 1608197121.273716
File E:\Assignment\venv\Lib\site-packages\django\utils\timezone.py first seen with mtime 1608197121.473449
File E:\Assignment\venv\Lib\site-packages\idna\__init__.py first seen with mtime 1608217090.0862982
File E:\Assignment\venv\Lib\site-packages\django\http\multipartparser.py first seen with mtime 1608197121.3855672
File E:\Assignment\venv\Lib\site-packages\django\utils\log.py first seen with mtime 1608197121.465461
File C:\Users\Pavilion\Anaconda3\Lib\logging\config.py first seen with mtime 1583820672.0
File E:\Assignment\venv\Lib\site-packages\requests\auth.py first seen with mtime 1608217073.5849788
File E:\Assignment\venv\Lib\site-packages\urllib3\util\wait.py first seen with mtime 1608217091.644451
File E:\Assignment\venv\Lib\site-packages\pkg_resources\_vendor\packaging\markers.py first seen with mtime 1608196855.3888516
File E:\Assignment\venv\Lib\site-packages\simplejson\encoder.py first seen with mtime 1608217060.9212725
File E:\Assignment\venv\Lib\site-packages\idna\intranges.py first seen with mtime 1608217090.0943887
File E:\Assignment\venv\Lib\site-packages\django\db\models\aggregates.py first seen with mtime 1608197121.2657325
File C:\Users\Pavilion\Anaconda3\Lib\zipfile.py first seen with mtime 1583820672.0
File E:\Assignment\venv\Lib\site-packages\psycopg2\extensions.py first seen with mtime 1608197760.5404794
File E:\Assignment\venv\Lib\site-packages\pytz\lazy.py first seen with mtime 1608197125.2273762
File E:\Assignment\venv\Lib\site-packages\django\db\models\fields\proxy.py first seen with mtime 1608197121.2896962
File E:\Assignment\company\urls.py first seen with mtime 1608226750.8358233
File E:\Assignment\venv\Lib\site-packages\django\template\context.py first seen with mtime 1608197121.3975518
File E:\Assignment\venv\Lib\site-packages\urllib3\util\__init__.py first seen with mtime 1608217091.6324415
File E:\Assignment\venv\Lib\site-packages\requests\packages.py first seen with mtime 1608217073.610003
File C:\Users\Pavilion\Anaconda3\Lib\encodings\__init__.py first seen with mtime 1583820672.0
File E:\Assignment\venv\Lib\site-packages\django\utils\safestring.py first seen with mtime 1608197121.473449
File C:\Users\Pavilion\Anaconda3\Lib\tokenize.py first seen with mtime 1583820672.0
File E:\Assignment\venv\Lib\site-packages\django\contrib\messages\storage\__init__.py first seen with mtime 1608197119.8832927
File C:\Users\Pavilion\Anaconda3\DLLs\_ssl.pyd first seen with mtime 1588762011.0
File E:\Assignment\venv\Lib\site-packages\django\db\models\sql\subqueries.py first seen with mtime 1608197121.313692
File E:\Assignment\venv\Lib\site-packages\chardet\mbcssm.py first seen with mtime 1608217093.2664044
File E:\Assignment\venv\Lib\site-packages\django\contrib\postgres\fields\utils.py first seen with mtime 1608197119.9152522
File E:\Assignment\venv\Lib\site-packages\django\db\backends\postgresql\operations.py first seen with mtime 1608197121.2377665
File E:\Assignment\venv\Lib\site-packages\django\core\paginator.py first seen with mtime 1608197121.035336
File E:\Assignment\venv\Lib\site-packages\sqlparse\keywords.py first seen with mtime 1608197128.4115925
File E:\Assignment\venv\Lib\site-packages\coreapi\transports\http.py first seen with mtime 1608217063.8233564
File E:\Assignment\venv\Lib\site-packages\django\utils\functional.py first seen with mtime 1608197121.4614713
File E:\Assignment\venv\Lib\site-packages\django\db\backends\base\base.py first seen with mtime 1608197121.1778457
File E:\Assignment\venv\Lib\site-packages\django\db\models\fields\files.py first seen with mtime 1608197121.2896962
File E:\Assignment\venv\Lib\site-packages\django\contrib\contenttypes\admin.py first seen with mtime 1608197117.9246447
File C:\Users\Pavilion\Anaconda3\Lib\asyncio\windows_utils.py first seen with mtime 1583820672.0
File E:\Assignment\venv\Lib\site-packages\rest_framework\serializers.py first seen with mtime 1608197609.6813886
File E:\Assignment\venv\Lib\site-packages\rest_framework\request.py first seen with mtime 1608197609.6813886
File E:\Assignment\venv\Lib\site-packages\urllib3\_collections.py first seen with mtime 1608217091.6028626
File E:\Assignment\venv\Lib\site-packages\chardet\gb2312prober.py first seen with mtime 1608217093.1707253
File E:\Assignment\venv\Lib\site-packages\django\db\models\sql\__init__.py first seen with mtime 1608197121.305676
File C:\Users\Pavilion\Anaconda3\Lib\posixpath.py first seen with mtime 1583820672.0
File E:\Assignment\venv\Lib\site-packages\chardet\charsetprober.py first seen with mtime 1608217093.1325026
File E:\Assignment\venv\Lib\site-packages\django\utils\dateformat.py first seen with mtime 1608197121.4495199
File C:\Users\Pavilion\Anaconda3\DLLs\_bz2.pyd first seen with mtime 1588762012.0
File E:\Assignment\venv\Lib\site-packages\urllib3\poolmanager.py first seen with mtime 1608217091.6108289
File E:\Assignment\venv\Lib\site-packages\requests\compat.py first seen with mtime 1608217073.594782
File E:\Assignment\venv\Lib\site-packages\rest_framework_simplejwt\tokens.py first seen with mtime 1608197652.0166595
File E:\Assignment\venv\Lib\site-packages\django\contrib\postgres\fields\citext.py first seen with mtime 1608197119.9152522
File E:\Assignment\venv\Lib\site-packages\django\template\loader_tags.py first seen with mtime 1608197121.405542
File E:\Assignment\venv\Lib\site-packages\django\db\backends\postgresql\creation.py first seen with mtime 1608197121.2337704
File E:\Assignment\venv\Lib\site-packages\django\template\utils.py first seen with mtime 1608197121.4095645
File E:\Assignment\venv\Lib\site-packages\rest_framework_simplejwt\backends.py first seen with mtime 1608197652.0046751
File E:\Assignment\venv\Lib\site-packages\django\core\files\uploadhandler.py first seen with mtime 1608197121.0752432
File E:\Assignment\venv\Lib\site-packages\requests\models.py first seen with mtime 1608217073.610003
File E:\Assignment\venv\Lib\site-packages\django\template\loader.py first seen with mtime 1608197121.405542
File E:\Assignment\venv\Lib\site-packages\urllib3\util\url.py first seen with mtime 1608217091.640442
File E:\Assignment\venv\Lib\site-packages\django\contrib\auth\hashers.py first seen with mtime 1608197117.5211813
File C:\Users\Pavilion\Anaconda3\Lib\encodings\idna.py first seen with mtime 1583820672.0
File E:\Assignment\venv\Lib\site-packages\rest_framework\fields.py first seen with mtime 1608197609.6694043
File E:\Assignment\venv\Lib\site-packages\simplejson\raw_json.py first seen with mtime 1608217060.9252732
File C:\Users\Pavilion\Anaconda3\Lib\email\policy.py first seen with mtime 1583820672.0
File E:\Assignment\venv\Lib\site-packages\django\db\models\functions\datetime.py first seen with mtime 1608197121.2977312
File C:\Users\Pavilion\Anaconda3\Lib\email\utils.py first seen with mtime 1583820672.0
File C:\Users\Pavilion\Anaconda3\Lib\email\charset.py first seen with mtime 1583820672.0
File C:\Users\Pavilion\Anaconda3\Lib\importlib\machinery.py first seen with mtime 1583820672.0
File E:\Assignment\venv\Lib\site-packages\jinja2\idtracking.py first seen with mtime 1608217076.3205378
File C:\Users\Pavilion\Anaconda3\Lib\xml\parsers\expat.py first seen with mtime 1583820672.0
File E:\Assignment\venv\Lib\site-packages\coreapi\utils.py first seen with mtime 1608217063.8153481
File C:\Users\Pavilion\Anaconda3\Lib\types.py first seen with mtime 1583820672.0
File E:\Assignment\venv\Lib\site-packages\django\urls\utils.py first seen with mtime 1608197121.4414918
File E:\Assignment\venv\Lib\site-packages\django\core\cache\backends\base.py first seen with mtime 1608197121.0432851
File E:\Assignment\venv\Lib\site-packages\rest_framework\relations.py first seen with mtime 1608197609.6774411
File E:\Assignment\venv\Lib\site-packages\django\db\models\base.py first seen with mtime 1608197121.2697246
File E:\Assignment\venv\Lib\site-packages\django\views\generic\__init__.py first seen with mtime 1608197121.497417
File C:\Users\Pavilion\Anaconda3\Lib\stat.py first seen with mtime 1583820672.0
File E:\Assignment\venv\Lib\site-packages\urllib3\connectionpool.py first seen with mtime 1608217091.606828
File E:\Assignment\venv\Lib\site-packages\django\db\models\query_utils.py first seen with mtime 1608197121.2817266
File E:\Assignment\venv\Lib\site-packages\coreapi\client.py first seen with mtime 1608217063.8133185
File E:\Assignment\venv\Lib\site-packages\django\contrib\staticfiles\utils.py first seen with mtime 1608197121.0273066
File C:\Users\Pavilion\Anaconda3\Lib\asyncio\log.py first seen with mtime 1583820672.0
File E:\Assignment\venv\Lib\site-packages\django\contrib\postgres\__init__.py first seen with mtime 1608197119.8912983
File E:\Assignment\venv\Lib\site-packages\django\contrib\postgres\fields\__init__.py first seen with mtime 1608197119.9112556
File E:\Assignment\venv\Lib\site-packages\psycopg2\__init__.py first seen with mtime 1608197760.4970207
File E:\Assignment\venv\Lib\site-packages\sqlparse\__init__.py first seen with mtime 1608197128.4075994
File E:\Assignment\venv\Lib\site-packages\asgiref\current_thread_executor.py first seen with mtime 1608197126.9515285
File E:\Assignment\venv\Lib\site-packages\django\contrib\auth\password_validation.py first seen with mtime 1608197117.533166
File E:\Assignment\venv\Lib\site-packages\django\contrib\contenttypes\models.py first seen with mtime 1608197117.9286392
File C:\Users\Pavilion\Anaconda3\Lib\distutils\__init__.py first seen with mtime 1583820672.0
File C:\Users\Pavilion\Anaconda3\Lib\linecache.py first seen with mtime 1583820672.0
File C:\Users\Pavilion\Anaconda3\Lib\html\__init__.py first seen with mtime 1583820672.0
File C:\Users\Pavilion\Anaconda3\Lib\encodings\utf_8.py first seen with mtime 1583820672.0
File C:\Users\Pavilion\Anaconda3\Lib\warnings.py first seen with mtime 1583820672.0
File E:\Assignment\venv\Lib\site-packages\requests\exceptions.py first seen with mtime 1608217073.6044717
File E:\Assignment\venv\Lib\site-packages\django\db\models\fields\__init__.py first seen with mtime 1608197121.28573
File E:\Assignment\venv\Lib\site-packages\psycopg2\errorcodes.py first seen with mtime 1608197760.5384536
File C:\Users\Pavilion\Anaconda3\Lib\unittest\runner.py first seen with mtime 1583820672.0
File C:\Users\Pavilion\Anaconda3\Lib\difflib.py first seen with mtime 1583820672.0
File E:\Assignment\venv\Lib\site-packages\django\template\backends\jinja2.py first seen with mtime 1608197121.413529
File E:\Assignment\venv\Lib\site-packages\django\templatetags\i18n.py first seen with mtime 1608197121.4215188
File C:\Users\Pavilion\Anaconda3\Lib\pkgutil.py first seen with mtime 1583820672.0
File E:\Assignment\venv\Lib\site-packages\urllib3\util\queue.py first seen with mtime 1608217091.636442
File C:\Users\Pavilion\Anaconda3\Lib\email\mime\text.py first seen with mtime 1583820672.0
File E:\Assignment\venv\Lib\site-packages\django\utils\_os.py first seen with mtime 1608197121.4414918
File E:\Assignment\venv\Lib\site-packages\pkg_resources\_vendor\six.py first seen with mtime 1608196855.3808568
File C:\Users\Pavilion\Anaconda3\Lib\asyncio\proactor_events.py first seen with mtime 1583820672.0
File E:\Assignment\venv\Lib\site-packages\rest_framework\response.py first seen with mtime 1608197609.6813886
File C:\Users\Pavilion\Anaconda3\Lib\http\client.py first seen with mtime 1583820672.0
File C:\Users\Pavilion\Anaconda3\Lib\typing.py first seen with mtime 1583820672.0
File E:\Assignment\venv\Lib\site-packages\rest_framework\metadata.py first seen with mtime 1608197609.6694043
File C:\Users\Pavilion\Anaconda3\Lib\_compression.py first seen with mtime 1583820672.0
File E:\Assignment\venv\Lib\site-packages\jwt\algorithms.py first seen with mtime 1608197652.7598574
File E:\Assignment\venv\Lib\site-packages\urllib3\contrib\__init__.py first seen with mtime 1608217091.6148274
File C:\Users\Pavilion\Anaconda3\Lib\asyncio\base_futures.py first seen with mtime 1583820672.0
File C:\Users\Pavilion\Anaconda3\Lib\plistlib.py first seen with mtime 1583820672.0
File E:\Assignment\venv\Lib\site-packages\chardet\hebrewprober.py first seen with mtime 1608217093.1707253
File C:\Users\Pavilion\Anaconda3\Lib\encodings\latin_1.py first seen with mtime 1583820672.0
File E:\Assignment\venv\Lib\site-packages\rest_framework_simplejwt\utils.py first seen with mtime 1608197652.0166595
File E:\Assignment\venv\Lib\site-packages\django\core\mail\utils.py first seen with mtime 1608197121.085631
File E:\Assignment\venv\Lib\site-packages\django\contrib\admin\options.py first seen with mtime 1608197116.0522597
File E:\Assignment\venv\Lib\site-packages\django\db\models\signals.py first seen with mtime 1608197121.2817266
File E:\Assignment\venv\Lib\site-packages\chardet\euctwfreq.py first seen with mtime 1608217093.1707253
File E:\Assignment\venv\Lib\site-packages\django\contrib\admin\actions.py first seen with mtime 1608197116.0442703
File E:\Assignment\venv\Lib\site-packages\psycopg2\_range.py first seen with mtime 1608197760.53642
File C:\Users\Pavilion\Anaconda3\Lib\importlib\util.py first seen with mtime 1583820672.0
File C:\Users\Pavilion\Anaconda3\DLLs\_decimal.pyd first seen with mtime 1588762007.0
File E:\Assignment\venv\Lib\site-packages\coreapi\compat.py first seen with mtime 1608217063.8133185
File E:\Assignment\venv\Lib\site-packages\django\dispatch\__init__.py first seen with mtime 1608197121.3176596
File E:\Assignment\venv\Lib\site-packages\django\core\files\__init__.py first seen with mtime 1608197121.067254
File E:\Assignment\venv\Lib\site-packages\coreapi\auth.py first seen with mtime 1608217063.8133185
File E:\Assignment\venv\Lib\site-packages\django\template\defaulttags.py first seen with mtime 1608197121.4015453
File E:\Assignment\venv\Lib\site-packages\rest_framework\permissions.py first seen with mtime 1608197609.6774411
File E:\Assignment\venv\Lib\site-packages\rest_framework_simplejwt\serializers.py first seen with mtime 1608197652.0126636
File C:\Users\Pavilion\Anaconda3\Lib\unittest\result.py first seen with mtime 1583820672.0
File E:\Assignment\venv\Lib\site-packages\django\apps\registry.py first seen with mtime 1608197115.6208355
File E:\Assignment\venv\Lib\site-packages\django\core\serializers\__init__.py first seen with mtime 1608197121.1579306
File C:\Users\Pavilion\Anaconda3\Lib\email\message.py first seen with mtime 1583820672.0
File C:\Users\Pavilion\Anaconda3\Lib\signal.py first seen with mtime 1583820672.0
File E:\Assignment\venv\Lib\site-packages\django\urls\converters.py first seen with mtime 1608197121.4374979
File E:\Assignment\venv\Lib\site-packages\requests\utils.py first seen with mtime 1608217073.6205761
File C:\Users\Pavilion\Anaconda3\Lib\urllib\request.py first seen with mtime 1588756806.0
File E:\Assignment\venv\Lib\site-packages\chardet\eucjpprober.py first seen with mtime 1608217093.1667254
File C:\Users\Pavilion\Anaconda3\Lib\wsgiref\headers.py first seen with mtime 1583820672.0
File E:\Assignment\venv\Lib\site-packages\sqlparse\filters\reindent.py first seen with mtime 1608197128.4275723
File E:\Assignment\venv\Lib\site-packages\django\db\models\__init__.py first seen with mtime 1608197121.2657325
File E:\Assignment\venv\Lib\site-packages\psycopg2\extras.py first seen with mtime 1608197760.541534
File E:\Assignment\venv\Lib\site-packages\openapi_codec\utils.py first seen with mtime 1475356457.0
File C:\Users\Pavilion\Anaconda3\Lib\asyncio\tasks.py first seen with mtime 1583820672.0
File E:\Assignment\venv\Lib\site-packages\chardet\codingstatemachine.py first seen with mtime 1608217093.1627257
File E:\Assignment\venv\Lib\site-packages\django\core\handlers\__init__.py first seen with mtime 1608197121.0816295
File C:\Users\Pavilion\Anaconda3\Lib\socket.py first seen with mtime 1583820672.0
File E:\Assignment\venv\Lib\site-packages\markupsafe\__init__.py first seen with mtime 1608217094.526916
File E:\Assignment\venv\Lib\site-packages\django\utils\autoreload.py first seen with mtime 1608197121.4454877
File E:\Assignment\venv\Lib\site-packages\django\contrib\auth\forms.py first seen with mtime 1608197117.5211813
File C:\Users\Pavilion\Anaconda3\Lib\traceback.py first seen with mtime 1583820672.0
File C:\Users\Pavilion\Anaconda3\Lib\reprlib.py first seen with mtime 1583820672.0
File C:\Users\Pavilion\Anaconda3\Lib\platform.py first seen with mtime 1588756804.0
File C:\Users\Pavilion\Anaconda3\Lib\asyncio\base_subprocess.py first seen with mtime 1583820672.0
File E:\Assignment\venv\Lib\site-packages\coreapi\transports\base.py first seen with mtime 1608217063.8233564
File E:\Assignment\venv\Lib\site-packages\django\contrib\contenttypes\fields.py first seen with mtime 1608197117.9286392
File E:\Assignment\venv\Lib\site-packages\django\db\transaction.py first seen with mtime 1608197121.169855
File E:\Assignment\venv\Lib\site-packages\django\core\cache\__init__.py first seen with mtime 1608197121.0432851
File E:\Assignment\venv\Lib\site-packages\django\db\models\options.py first seen with mtime 1608197121.277711
File E:\Assignment\venv\Lib\site-packages\django\db\models\functions\window.py first seen with mtime 1608197121.305676
File C:\Users\Pavilion\Anaconda3\Lib\email\encoders.py first seen with mtime 1583820672.0
File E:\Assignment\venv\Lib\site-packages\django\db\backends\base\validation.py first seen with mtime 1608197121.1858344
File E:\Assignment\venv\Lib\site-packages\django\apps\config.py first seen with mtime 1608197115.6208355
File C:\Users\Pavilion\Anaconda3\Lib\wsgiref\__init__.py first seen with mtime 1583820672.0
File C:\Users\Pavilion\Anaconda3\Lib\json\__init__.py first seen with mtime 1583820672.0
File E:\Assignment\venv\Lib\site-packages\django\core\checks\__init__.py first seen with mtime 1608197121.051277
File E:\Assignment\venv\Lib\site-packages\django\utils\decorators.py first seen with mtime 1608197121.4534755
File E:\Assignment\venv\Lib\site-packages\django\core\files\temp.py first seen with mtime 1608197121.0752432
File C:\Users\Pavilion\Anaconda3\Lib\unittest\signals.py first seen with mtime 1583820672.0
File E:\Assignment\venv\Lib\site-packages\django\contrib\auth\tokens.py first seen with mtime 1608197117.5491493
File E:\Assignment\venv\Lib\site-packages\jinja2\utils.py first seen with mtime 1608217076.3365412
File C:\Users\Pavilion\Anaconda3\Lib\lzma.py first seen with mtime 1583820672.0
File C:\Users\Pavilion\Anaconda3\Lib\queue.py first seen with mtime 1583820672.0
File C:\Users\Pavilion\Anaconda3\Lib\inspect.py first seen with mtime 1583820672.0
File E:\Assignment\venv\Lib\site-packages\simplejson\scanner.py first seen with mtime 1608217060.9252732
File E:\Assignment\venv\Lib\site-packages\chardet\sjisprober.py first seen with mtime 1608217093.2703815
File E:\Assignment\venv\Lib\site-packages\chardet\langhebrewmodel.py first seen with mtime 1608217093.2166047
File E:\Assignment\venv\Lib\site-packages\django\utils\__init__.py first seen with mtime 1608197121.4414918
File C:\Users\Pavilion\Anaconda3\Lib\pprint.py first seen with mtime 1583820672.0
File E:\Assignment\venv\Lib\site-packages\psycopg2\_ipaddress.py first seen with mtime 1608197760.498035
File E:\Assignment\venv\Lib\site-packages\rest_framework\compat.py first seen with mtime 1608197609.6654124
File E:\Assignment\venv\Lib\site-packages\django\core\checks\security\csrf.py first seen with mtime 1608197121.063263
File E:\Assignment\venv\Lib\site-packages\jinja2\_identifier.py first seen with mtime 1608217076.307839
File E:\Assignment\venv\Lib\site-packages\django\views\decorators\__init__.py first seen with mtime 1608197121.4894266
File C:\Users\Pavilion\Anaconda3\Lib\unittest\loader.py first seen with mtime 1583820672.0
File C:\Users\Pavilion\Anaconda3\Lib\contextlib.py first seen with mtime 1583820672.0
File C:\Users\Pavilion\Anaconda3\Lib\encodings\cp1252.py first seen with mtime 1583820672.0
File E:\Assignment\venv\Lib\site-packages\chardet\euctwprober.py first seen with mtime 1608217093.1707253
File E:\Assignment\venv\Lib\site-packages\django\db\backends\base\creation.py first seen with mtime 1608197121.1818402
File E:\Assignment\venv\Lib\site-packages\rest_framework\utils\urls.py first seen with mtime 1608197609.8858309
File E:\Assignment\venv\Lib\site-packages\django\contrib\auth\checks.py first seen with mtime 1608197117.5131938
File E:\Assignment\venv\Lib\site-packages\rest_framework_simplejwt\state.py first seen with mtime 1608197652.0166595
File E:\Assignment\venv\Lib\site-packages\rest_framework\schemas\coreapi.py first seen with mtime 1608197609.7772596
File C:\Users\Pavilion\Anaconda3\Lib\site.py first seen with mtime 1583820672.0
File E:\Assignment\venv\lib\site-packages\rest_framework\locale\ach\LC_MESSAGES\django.mo first seen with mtime 1608197609.7053602
File E:\Assignment\venv\lib\site-packages\rest_framework\locale\ar\LC_MESSAGES\django.mo first seen with mtime 1608197609.7053602
File E:\Assignment\venv\lib\site-packages\rest_framework\locale\az\LC_MESSAGES\django.mo first seen with mtime 1608197609.7053602
File E:\Assignment\venv\lib\site-packages\rest_framework\locale\be\LC_MESSAGES\django.mo first seen with mtime 1608197609.7053602
File E:\Assignment\venv\lib\site-packages\rest_framework\locale\bg\LC_MESSAGES\django.mo first seen with mtime 1608197609.70935
File E:\Assignment\venv\lib\site-packages\rest_framework\locale\ca\LC_MESSAGES\django.mo first seen with mtime 1608197609.70935
File E:\Assignment\venv\lib\site-packages\rest_framework\locale\ca_ES\LC_MESSAGES\django.mo first seen with mtime 1608197609.70935
File E:\Assignment\venv\lib\site-packages\rest_framework\locale\cs\LC_MESSAGES\django.mo first seen with mtime 1608197609.7133453
File E:\Assignment\venv\lib\site-packages\rest_framework\locale\da\LC_MESSAGES\django.mo first seen with mtime 1608197609.7133453
File E:\Assignment\venv\lib\site-packages\rest_framework\locale\de\LC_MESSAGES\django.mo first seen with mtime 1608197609.7133453
File E:\Assignment\venv\lib\site-packages\rest_framework\locale\el\LC_MESSAGES\django.mo first seen with mtime 1608197609.71734
File E:\Assignment\venv\lib\site-packages\rest_framework\locale\el_GR\LC_MESSAGES\django.mo first seen with mtime 1608197609.71734
File E:\Assignment\venv\lib\site-packages\rest_framework\locale\en\LC_MESSAGES\django.mo first seen with mtime 1608197609.71734
File E:\Assignment\venv\lib\site-packages\rest_framework\locale\en_AU\LC_MESSAGES\django.mo first seen with mtime 1608197609.721334
File E:\Assignment\venv\lib\site-packages\rest_framework\locale\en_CA\LC_MESSAGES\django.mo first seen with mtime 1608197609.721334
File E:\Assignment\venv\lib\site-packages\rest_framework\locale\en_US\LC_MESSAGES\django.mo first seen with mtime 1608197609.721334
File E:\Assignment\venv\lib\site-packages\rest_framework\locale\es\LC_MESSAGES\django.mo first seen with mtime 1608197609.721334
File E:\Assignment\venv\lib\site-packages\rest_framework\locale\et\LC_MESSAGES\django.mo first seen with mtime 1608197609.7253284
File E:\Assignment\venv\lib\site-packages\rest_framework\locale\fa\LC_MESSAGES\django.mo first seen with mtime 1608197609.7253284
File E:\Assignment\venv\lib\site-packages\rest_framework\locale\fa_IR\LC_MESSAGES\django.mo first seen with mtime 1608197609.7253284
File E:\Assignment\venv\lib\site-packages\rest_framework\locale\fi\LC_MESSAGES\django.mo first seen with mtime 1608197609.7293234
File E:\Assignment\venv\lib\site-packages\rest_framework\locale\fr\LC_MESSAGES\django.mo first seen with mtime 1608197609.7293234
File E:\Assignment\venv\lib\site-packages\rest_framework\locale\fr_CA\LC_MESSAGES\django.mo first seen with mtime 1608197609.7293234
File E:\Assignment\venv\lib\site-packages\rest_framework\locale\gl\LC_MESSAGES\django.mo first seen with mtime 1608197609.7293234
File E:\Assignment\venv\lib\site-packages\rest_framework\locale\gl_ES\LC_MESSAGES\django.mo first seen with mtime 1608197609.7333174
File E:\Assignment\venv\lib\site-packages\rest_framework\locale\he_IL\LC_MESSAGES\django.mo first seen with mtime 1608197609.7333174
File E:\Assignment\venv\lib\site-packages\rest_framework\locale\hu\LC_MESSAGES\django.mo first seen with mtime 1608197609.7333174
File E:\Assignment\venv\lib\site-packages\rest_framework\locale\hy\LC_MESSAGES\django.mo first seen with mtime 1608197609.7373135
File E:\Assignment\venv\lib\site-packages\rest_framework\locale\id\LC_MESSAGES\django.mo first seen with mtime 1608197609.7373135
File E:\Assignment\venv\lib\site-packages\rest_framework\locale\it\LC_MESSAGES\django.mo first seen with mtime 1608197609.7373135
File E:\Assignment\venv\lib\site-packages\rest_framework\locale\ja\LC_MESSAGES\django.mo first seen with mtime 1608197609.7373135
File E:\Assignment\venv\lib\site-packages\rest_framework\locale\ko_KR\LC_MESSAGES\django.mo first seen with mtime 1608197609.741307
File E:\Assignment\venv\lib\site-packages\rest_framework\locale\lt\LC_MESSAGES\django.mo first seen with mtime 1608197609.741307
File E:\Assignment\venv\lib\site-packages\rest_framework\locale\lv\LC_MESSAGES\django.mo first seen with mtime 1608197609.741307
File E:\Assignment\venv\lib\site-packages\rest_framework\locale\mk\LC_MESSAGES\django.mo first seen with mtime 1608197609.7453022
File E:\Assignment\venv\lib\site-packages\rest_framework\locale\nb\LC_MESSAGES\django.mo first seen with mtime 1608197609.7453022
File E:\Assignment\venv\lib\site-packages\rest_framework\locale\ne_NP\LC_MESSAGES\django.mo first seen with mtime 1608197609.7453022
File E:\Assignment\venv\lib\site-packages\rest_framework\locale\nl\LC_MESSAGES\django.mo first seen with mtime 1608197609.7453022
File E:\Assignment\venv\lib\site-packages\rest_framework\locale\nn\LC_MESSAGES\django.mo first seen with mtime 1608197609.7492962
File E:\Assignment\venv\lib\site-packages\rest_framework\locale\no\LC_MESSAGES\django.mo first seen with mtime 1608197609.7492962
File E:\Assignment\venv\lib\site-packages\rest_framework\locale\pl\LC_MESSAGES\django.mo first seen with mtime 1608197609.7492962
File E:\Assignment\venv\lib\site-packages\rest_framework\locale\pt\LC_MESSAGES\django.mo first seen with mtime 1608197609.7532911
File E:\Assignment\venv\lib\site-packages\rest_framework\locale\pt_BR\LC_MESSAGES\django.mo first seen with mtime 1608197609.7532911
File E:\Assignment\venv\lib\site-packages\rest_framework\locale\pt_PT\LC_MESSAGES\django.mo first seen with mtime 1608197609.7532911
File E:\Assignment\venv\lib\site-packages\rest_framework\locale\ro\LC_MESSAGES\django.mo first seen with mtime 1608197609.757286
File E:\Assignment\venv\lib\site-packages\rest_framework\locale\ru\LC_MESSAGES\django.mo first seen with mtime 1608197609.757286
File E:\Assignment\venv\lib\site-packages\rest_framework\locale\ru_RU\LC_MESSAGES\django.mo first seen with mtime 1608197609.757286
File E:\Assignment\venv\lib\site-packages\rest_framework\locale\sk\LC_MESSAGES\django.mo first seen with mtime 1608197609.7612805
File E:\Assignment\venv\lib\site-packages\rest_framework\locale\sl\LC_MESSAGES\django.mo first seen with mtime 1608197609.7612805
File E:\Assignment\venv\lib\site-packages\rest_framework\locale\sv\LC_MESSAGES\django.mo first seen with mtime 1608197609.7612805
File E:\Assignment\venv\lib\site-packages\rest_framework\locale\th\LC_MESSAGES\django.mo first seen with mtime 1608197609.7612805
File E:\Assignment\venv\lib\site-packages\rest_framework\locale\tr\LC_MESSAGES\django.mo first seen with mtime 1608197609.765275
File E:\Assignment\venv\lib\site-packages\rest_framework\locale\tr_TR\LC_MESSAGES\django.mo first seen with mtime 1608197609.765275
File E:\Assignment\venv\lib\site-packages\rest_framework\locale\uk\LC_MESSAGES\django.mo first seen with mtime 1608197609.765275
File E:\Assignment\venv\lib\site-packages\rest_framework\locale\vi\LC_MESSAGES\django.mo first seen with mtime 1608197609.7692702
File E:\Assignment\venv\lib\site-packages\rest_framework\locale\zh_CN\LC_MESSAGES\django.mo first seen with mtime 1608197609.7692702
File E:\Assignment\venv\lib\site-packages\rest_framework\locale\zh_Hans\LC_MESSAGES\django.mo first seen with mtime 1608197609.7692702
File E:\Assignment\venv\lib\site-packages\rest_framework\locale\zh_Hant\LC_MESSAGES\django.mo first seen with mtime 1608197609.7692702
File E:\Assignment\venv\lib\site-packages\rest_framework\locale\zh_TW\LC_MESSAGES\django.mo first seen with mtime 1608197609.773265
(0.015) 
            SELECT c.relname,
            CASE WHEN c.relispartition THEN 'p' WHEN c.relkind IN ('m', 'v') THEN 'v' ELSE 't' END
            FROM pg_catalog.pg_class c
            LEFT JOIN pg_catalog.pg_namespace n ON n.oid = c.relnamespace
            WHERE c.relkind IN ('f', 'm', 'p', 'r', 'v')
                AND n.nspname NOT IN ('pg_catalog', 'pg_toast')
                AND pg_catalog.pg_table_is_visible(c.oid)
        ; args=None
(0.000) SELECT "django_migrations"."id", "django_migrations"."app", "django_migrations"."name", "django_migrations"."applied" FROM "django_migrations"; args=()
File E:\Assignment\venv\Lib\site-packages\django\contrib\auth\migrations\0008_alter_user_username_max_length.py first seen with mtime 1608197117.9126585
File E:\Assignment\venv\Lib\site-packages\django\contrib\auth\migrations\0001_initial.py first seen with mtime 1608197117.9046693
File E:\Assignment\venv\Lib\site-packages\django\contrib\admin\templatetags\log.py first seen with mtime 1608197117.0977492
File E:\Assignment\venv\Lib\site-packages\django\contrib\admin\views\main.py first seen with mtime 1608197117.1017432
File E:\Assignment\venv\Lib\site-packages\django\core\cache\utils.py first seen with mtime 1608197121.0432851
File E:\Assignment\venv\Lib\site-packages\django\templatetags\cache.py first seen with mtime 1608197121.4215188
File E:\Assignment\employees\migrations\0002_auto_20201217_1905.py first seen with mtime 1608212116.2607043
File E:\Assignment\venv\Lib\site-packages\django\contrib\sessions\migrations\__init__.py first seen with mtime 1608197120.7237194
File E:\Assignment\venv\Lib\site-packages\django\db\migrations\recorder.py first seen with mtime 1608197121.2577744
File E:\Assignment\employees\migrations\0001_initial.py first seen with mtime 1608211211.4447613
File E:\Assignment\venv\Lib\site-packages\django\contrib\admin\migrations\__init__.py first seen with mtime 1608197116.4935443
File E:\Assignment\venv\Lib\site-packages\django\contrib\sessions\backends\db.py first seen with mtime 1608197120.4618838
File E:\Assignment\venv\Lib\site-packages\django\middleware\security.py first seen with mtime 1608197121.393556
File E:\Assignment\venv\Lib\site-packages\django\views\defaults.py first seen with mtime 1608197121.4894266
File E:\Assignment\venv\Lib\site-packages\rest_framework\templatetags\__init__.py first seen with mtime 1608197609.876901
File E:\Assignment\venv\Lib\site-packages\django\contrib\auth\migrations\0004_alter_user_username_opts.py first seen with mtime 1608197117.9086645
File E:\Assignment\company\wsgi.py first seen with mtime 1608198107.857743
File E:\Assignment\venv\Lib\site-packages\rest_framework\templatetags\rest_framework.py first seen with mtime 1608197609.876901
File E:\Assignment\venv\Lib\site-packages\django\db\migrations\executor.py first seen with mtime 1608197121.2497482
File E:\Assignment\venv\Lib\site-packages\django\contrib\sessions\backends\base.py first seen with mtime 1608197120.4578903
File E:\Assignment\venv\Lib\site-packages\django\contrib\auth\migrations\0006_require_contenttypes_0002.py first seen with mtime 1608197117.9086645
File E:\Assignment\venv\Lib\site-packages\django\contrib\contenttypes\migrations\__init__.py first seen with mtime 1608197118.26419
File E:\Assignment\venv\Lib\site-packages\django\middleware\common.py first seen with mtime 1608197121.3895621
File E:\Assignment\venv\Lib\site-packages\django\contrib\contenttypes\migrations\0001_initial.py first seen with mtime 1608197118.2601955
File E:\Assignment\venv\Lib\site-packages\django\contrib\sessions\exceptions.py first seen with mtime 1608197120.453896
File E:\Assignment\venv\Lib\site-packages\django\contrib\sessions\backends\__init__.py first seen with mtime 1608197120.4578903
File E:\Assignment\venv\Lib\site-packages\django\contrib\admin\migrations\0002_logentry_remove_auto_add.py first seen with mtime 1608197116.4935443
File E:\Assignment\venv\Lib\site-packages\django\db\migrations\loader.py first seen with mtime 1608197121.2537427
File E:\Assignment\venv\Lib\site-packages\django\middleware\clickjacking.py first seen with mtime 1608197121.3895621
File E:\Assignment\venv\Lib\site-packages\django\contrib\admin\migrations\0001_initial.py first seen with mtime 1608197116.4935443
File E:\Assignment\accounts\migrations\__init__.py first seen with mtime 1608198277.7266672
File E:\Assignment\venv\Lib\site-packages\django\contrib\auth\migrations\0005_alter_user_last_login_null.py first seen with mtime 1608197117.9086645
File E:\Assignment\venv\Lib\site-packages\django\contrib\admin\migrations\0003_logentry_add_action_flag_choices.py first seen with mtime 1608197116.4935443
File E:\Assignment\venv\Lib\site-packages\django\contrib\contenttypes\migrations\0002_remove_content_type_name.py first seen with mtime 1608197118.2601955
File E:\Assignment\venv\Lib\site-packages\django\db\migrations\graph.py first seen with mtime 1608197121.2497482
File E:\Assignment\venv\Lib\site-packages\django\contrib\admin\templatetags\admin_modify.py first seen with mtime 1608197117.0937538
File E:\Assignment\venv\Lib\site-packages\django\contrib\auth\migrations\0012_alter_user_first_name_max_length.py first seen with mtime 1608197117.9166553
File E:\Assignment\venv\Lib\site-packages\django\contrib\auth\migrations\0009_alter_user_last_name_max_length.py first seen with mtime 1608197117.9126585
File E:\Assignment\venv\Lib\site-packages\django\contrib\auth\migrations\0003_alter_user_email_max_length.py first seen with mtime 1608197117.9046693
File E:\Assignment\venv\Lib\site-packages\django\db\models\sql\compiler.py first seen with mtime 1608197121.309708
File E:\Assignment\venv\Lib\site-packages\django\contrib\admin\templatetags\base.py first seen with mtime 1608197117.0977492
File E:\Assignment\venv\Lib\site-packages\django\templatetags\tz.py first seen with mtime 1608197121.4255457
File E:\Assignment\venv\Lib\site-packages\django\contrib\sessions\migrations\0001_initial.py first seen with mtime 1608197120.7237194
File E:\Assignment\venv\Lib\site-packages\django\contrib\auth\backends.py first seen with mtime 1608197117.5092013
File E:\Assignment\venv\Lib\site-packages\django\contrib\auth\migrations\0007_alter_validators_add_error_messages.py first seen with mtime 1608197117.9086645
File E:\Assignment\accounts\migrations\0001_initial.py first seen with mtime 1608203899.5385852
File E:\Assignment\venv\Lib\site-packages\django\contrib\auth\migrations\0011_update_proxy_permissions.py first seen with mtime 1608197117.9166553
File E:\Assignment\venv\Lib\site-packages\django\contrib\messages\middleware.py first seen with mtime 1608197119.8832927
File E:\Assignment\venv\Lib\site-packages\django\contrib\admin\templatetags\admin_list.py first seen with mtime 1608197117.0937538
File E:\Assignment\venv\Lib\site-packages\django\contrib\sessions\middleware.py first seen with mtime 1608197120.4578903
File E:\Assignment\employees\migrations\__init__.py first seen with mtime 1608209462.5099764
File E:\Assignment\venv\Lib\site-packages\django\contrib\auth\migrations\0010_alter_group_name_max_length.py first seen with mtime 1608197117.9126585
File E:\Assignment\venv\Lib\site-packages\django\contrib\auth\middleware.py first seen with mtime 1608197117.5251772
File E:\Assignment\venv\Lib\site-packages\django\contrib\auth\migrations\0002_alter_permission_name_max_length.py first seen with mtime 1608197117.9046693
File E:\Assignment\venv\Lib\site-packages\django\templatetags\l10n.py first seen with mtime 1608197121.4215188
File E:\Assignment\venv\Lib\site-packages\django\contrib\auth\migrations\__init__.py first seen with mtime 1608197117.9166553
Exception while resolving variable 'name' in template 'unknown'.
Traceback (most recent call last):
  File "E:\Assignment\venv\lib\site-packages\django\core\handlers\exception.py", line 47, in inner
    response = get_response(request)
  File "E:\Assignment\venv\lib\site-packages\django\core\handlers\base.py", line 165, in _get_response
    callback, callback_args, callback_kwargs = self.resolve_request(request)
  File "E:\Assignment\venv\lib\site-packages\django\core\handlers\base.py", line 288, in resolve_request
    resolver_match = resolver.resolve(request.path_info)
  File "E:\Assignment\venv\lib\site-packages\django\urls\resolvers.py", line 576, in resolve
    raise Resolver404({'tried': tried, 'path': new_path})
django.urls.exceptions.Resolver404: {'tried': [[<URLResolver <URLPattern list> (admin:admin) 'admin/'>], [<URLResolver <module 'rest_framework.urls' from 'E:\\Assignment\\venv\\lib\\site-packages\\rest_framework\\urls.py'> (rest_framework:rest_framework) 'api-auth/'>], [<URLPattern 'api/token/' [name='token_obtain_pair']>], [<URLPattern 'api/token/refresh/' [name='token_refresh']>], [<URLPattern 'api/signup'>], [<URLResolver <module 'employees.urls' from 'E:\\Assignment\\employees\\urls.py'> (None:None) 'api/employees/'>], [<URLPattern ''>]], 'path': 'api/accounts/signup'}

During handling of the above exception, another exception occurred:

Traceback (most recent call last):
  File "E:\Assignment\venv\lib\site-packages\django\template\base.py", line 829, in _resolve_lookup
    current = current[bit]
TypeError: 'URLResolver' object is not subscriptable

During handling of the above exception, another exception occurred:

Traceback (most recent call last):
  File "E:\Assignment\venv\lib\site-packages\django\template\base.py", line 837, in _resolve_lookup
    current = getattr(current, bit)
AttributeError: 'URLResolver' object has no attribute 'name'

During handling of the above exception, another exception occurred:

Traceback (most recent call last):
  File "E:\Assignment\venv\lib\site-packages\django\template\base.py", line 843, in _resolve_lookup
    current = current[int(bit)]
ValueError: invalid literal for int() with base 10: 'name'

During handling of the above exception, another exception occurred:

Traceback (most recent call last):
  File "E:\Assignment\venv\lib\site-packages\django\template\base.py", line 850, in _resolve_lookup
    (bit, current))  # missing attribute
django.template.base.VariableDoesNotExist: Failed lookup for key [name] in <URLResolver <URLPattern list> (admin:admin) 'admin/'>
Exception while resolving variable 'name' in template 'unknown'.
Traceback (most recent call last):
  File "E:\Assignment\venv\lib\site-packages\django\core\handlers\exception.py", line 47, in inner
    response = get_response(request)
  File "E:\Assignment\venv\lib\site-packages\django\core\handlers\base.py", line 165, in _get_response
    callback, callback_args, callback_kwargs = self.resolve_request(request)
  File "E:\Assignment\venv\lib\site-packages\django\core\handlers\base.py", line 288, in resolve_request
    resolver_match = resolver.resolve(request.path_info)
  File "E:\Assignment\venv\lib\site-packages\django\urls\resolvers.py", line 576, in resolve
    raise Resolver404({'tried': tried, 'path': new_path})
django.urls.exceptions.Resolver404: {'tried': [[<URLResolver <URLPattern list> (admin:admin) 'admin/'>], [<URLResolver <module 'rest_framework.urls' from 'E:\\Assignment\\venv\\lib\\site-packages\\rest_framework\\urls.py'> (rest_framework:rest_framework) 'api-auth/'>], [<URLPattern 'api/token/' [name='token_obtain_pair']>], [<URLPattern 'api/token/refresh/' [name='token_refresh']>], [<URLPattern 'api/signup'>], [<URLResolver <module 'employees.urls' from 'E:\\Assignment\\employees\\urls.py'> (None:None) 'api/employees/'>], [<URLPattern ''>]], 'path': 'api/accounts/signup'}

During handling of the above exception, another exception occurred:

Traceback (most recent call last):
  File "E:\Assignment\venv\lib\site-packages\django\template\base.py", line 829, in _resolve_lookup
    current = current[bit]
TypeError: 'URLResolver' object is not subscriptable

During handling of the above exception, another exception occurred:

Traceback (most recent call last):
  File "E:\Assignment\venv\lib\site-packages\django\template\base.py", line 837, in _resolve_lookup
    current = getattr(current, bit)
AttributeError: 'URLResolver' object has no attribute 'name'

During handling of the above exception, another exception occurred:

Traceback (most recent call last):
  File "E:\Assignment\venv\lib\site-packages\django\template\base.py", line 843, in _resolve_lookup
    current = current[int(bit)]
ValueError: invalid literal for int() with base 10: 'name'

During handling of the above exception, another exception occurred:

Traceback (most recent call last):
  File "E:\Assignment\venv\lib\site-packages\django\template\base.py", line 850, in _resolve_lookup
    (bit, current))  # missing attribute
django.template.base.VariableDoesNotExist: Failed lookup for key [name] in <URLResolver <module 'rest_framework.urls' from 'E:\\Assignment\\venv\\lib\\site-packages\\rest_framework\\urls.py'> (rest_framework:rest_framework) 'api-auth/'>
Exception while resolving variable 'name' in template 'unknown'.
Traceback (most recent call last):
  File "E:\Assignment\venv\lib\site-packages\django\core\handlers\exception.py", line 47, in inner
    response = get_response(request)
  File "E:\Assignment\venv\lib\site-packages\django\core\handlers\base.py", line 165, in _get_response
    callback, callback_args, callback_kwargs = self.resolve_request(request)
  File "E:\Assignment\venv\lib\site-packages\django\core\handlers\base.py", line 288, in resolve_request
    resolver_match = resolver.resolve(request.path_info)
  File "E:\Assignment\venv\lib\site-packages\django\urls\resolvers.py", line 576, in resolve
    raise Resolver404({'tried': tried, 'path': new_path})
django.urls.exceptions.Resolver404: {'tried': [[<URLResolver <URLPattern list> (admin:admin) 'admin/'>], [<URLResolver <module 'rest_framework.urls' from 'E:\\Assignment\\venv\\lib\\site-packages\\rest_framework\\urls.py'> (rest_framework:rest_framework) 'api-auth/'>], [<URLPattern 'api/token/' [name='token_obtain_pair']>], [<URLPattern 'api/token/refresh/' [name='token_refresh']>], [<URLPattern 'api/signup'>], [<URLResolver <module 'employees.urls' from 'E:\\Assignment\\employees\\urls.py'> (None:None) 'api/employees/'>], [<URLPattern ''>]], 'path': 'api/accounts/signup'}

During handling of the above exception, another exception occurred:

Traceback (most recent call last):
  File "E:\Assignment\venv\lib\site-packages\django\template\base.py", line 829, in _resolve_lookup
    current = current[bit]
TypeError: 'URLResolver' object is not subscriptable

During handling of the above exception, another exception occurred:

Traceback (most recent call last):
  File "E:\Assignment\venv\lib\site-packages\django\template\base.py", line 837, in _resolve_lookup
    current = getattr(current, bit)
AttributeError: 'URLResolver' object has no attribute 'name'

During handling of the above exception, another exception occurred:

Traceback (most recent call last):
  File "E:\Assignment\venv\lib\site-packages\django\template\base.py", line 843, in _resolve_lookup
    current = current[int(bit)]
ValueError: invalid literal for int() with base 10: 'name'

During handling of the above exception, another exception occurred:

Traceback (most recent call last):
  File "E:\Assignment\venv\lib\site-packages\django\template\base.py", line 850, in _resolve_lookup
    (bit, current))  # missing attribute
django.template.base.VariableDoesNotExist: Failed lookup for key [name] in <URLResolver <module 'employees.urls' from 'E:\\Assignment\\employees\\urls.py'> (None:None) 'api/employees/'>
Not Found: /api/accounts/signup
"POST /api/accounts/signup HTTP/1.1" 404 2707
File E:\Assignment\venv\Lib\site-packages\django\contrib\messages\storage\base.py first seen with mtime 1608197119.887288
File E:\Assignment\venv\Lib\site-packages\django\contrib\messages\utils.py first seen with mtime 1608197119.8832927
File E:\Assignment\venv\Lib\site-packages\django\contrib\messages\storage\fallback.py first seen with mtime 1608197119.887288
File E:\Assignment\venv\Lib\site-packages\django\contrib\messages\storage\cookie.py first seen with mtime 1608197119.887288
File E:\Assignment\venv\Lib\site-packages\django\contrib\messages\storage\session.py first seen with mtime 1608197119.8912983
File E:\Assignment\venv\Lib\site-packages\django\contrib\sessions\serializers.py first seen with mtime 1608197120.4578903
(0.000) SELECT (1) AS "a" FROM "accounts_manager" WHERE "accounts_manager"."email" = 'niharmishra@gmail.com' LIMIT 1; args=('niharmishra@gmail.com',)
(0.016) INSERT INTO "accounts_manager" ("password", "last_login", "is_superuser", "email", "first_name", "last_name", "address", "company", "is_active", "is_staff") VALUES ('pbkdf2_sha256$216000$R9azbJ9g5v2m$loWLbRkkbLwB+vNgHc26SlcUJMiFqhcmtuy6/HBn6YU=', NULL, false, 'niharmishra@gmail.com', 'nihar', 'mishra', 'pune', 'mindbowser', true, false) RETURNING "accounts_manager"."id"; args=('pbkdf2_sha256$216000$R9azbJ9g5v2m$loWLbRkkbLwB+vNgHc26SlcUJMiFqhcmtuy6/HBn6YU=', None, False, 'niharmishra@gmail.com', 'nihar', 'mishra', 'pune', 'mindbowser', True, False)
(0.000) UPDATE "accounts_manager" SET "password" = 'pbkdf2_sha256$216000$R9azbJ9g5v2m$loWLbRkkbLwB+vNgHc26SlcUJMiFqhcmtuy6/HBn6YU=', "last_login" = NULL, "is_superuser" = false, "email" = 'niharmishra@gmail.com', "first_name" = 'nihar', "last_name" = 'mishra', "address" = 'pune', "company" = 'mindbowser', "is_active" = true, "is_staff" = false WHERE "accounts_manager"."id" = 3; args=('pbkdf2_sha256$216000$R9azbJ9g5v2m$loWLbRkkbLwB+vNgHc26SlcUJMiFqhcmtuy6/HBn6YU=', False, 'niharmishra@gmail.com', 'nihar', 'mishra', 'pune', 'mindbowser', True, False, 3)
"POST /api/signup HTTP/1.1" 200 39
(0.000) SELECT (1) AS "a" FROM "accounts_manager" WHERE "accounts_manager"."email" = '' LIMIT 1; args=('',)
Internal Server Error: /api/signup
Traceback (most recent call last):
  File "E:\Assignment\venv\lib\site-packages\django\core\handlers\exception.py", line 47, in inner
    response = get_response(request)
  File "E:\Assignment\venv\lib\site-packages\django\core\handlers\base.py", line 179, in _get_response
    response = wrapped_callback(request, *callback_args, **callback_kwargs)
  File "E:\Assignment\venv\lib\site-packages\django\views\decorators\csrf.py", line 54, in wrapped_view
    return view_func(*args, **kwargs)
  File "E:\Assignment\venv\lib\site-packages\django\views\generic\base.py", line 70, in view
    return self.dispatch(request, *args, **kwargs)
  File "E:\Assignment\venv\lib\site-packages\rest_framework\views.py", line 509, in dispatch
    response = self.handle_exception(exc)
  File "E:\Assignment\venv\lib\site-packages\rest_framework\views.py", line 469, in handle_exception
    self.raise_uncaught_exception(exc)
  File "E:\Assignment\venv\lib\site-packages\rest_framework\views.py", line 480, in raise_uncaught_exception
    raise exc
  File "E:\Assignment\venv\lib\site-packages\rest_framework\views.py", line 506, in dispatch
    response = handler(request, *args, **kwargs)
  File "E:\Assignment\accounts\views.py", line 32, in post
    user = User.objects.create_user(email=email,first_name=firstname,last_name=lastname,address=address,company=company,password=password)
  File "E:\Assignment\accounts\models.py", line 9, in create_user
    raise ValueError('User Must Have an Email Address')
ValueError: User Must Have an Email Address
"POST /api/signup HTTP/1.1" 500 99116
File E:\Assignment\venv\Lib\site-packages\django\conf\locale\en\__init__.py first seen with mtime 1608197115.6927404
File E:\Assignment\venv\Lib\site-packages\django\conf\locale\en\formats.py first seen with mtime 1608197115.6927404
Internal Server Error: /api/signup
Traceback (most recent call last):
  File "E:\Assignment\venv\lib\site-packages\django\core\handlers\exception.py", line 47, in inner
    response = get_response(request)
  File "E:\Assignment\venv\lib\site-packages\django\core\handlers\base.py", line 179, in _get_response
    response = wrapped_callback(request, *callback_args, **callback_kwargs)
  File "E:\Assignment\venv\lib\site-packages\django\views\decorators\csrf.py", line 54, in wrapped_view
    return view_func(*args, **kwargs)
  File "E:\Assignment\venv\lib\site-packages\django\views\generic\base.py", line 70, in view
    return self.dispatch(request, *args, **kwargs)
  File "E:\Assignment\venv\lib\site-packages\rest_framework\views.py", line 509, in dispatch
    response = self.handle_exception(exc)
  File "E:\Assignment\venv\lib\site-packages\rest_framework\views.py", line 469, in handle_exception
    self.raise_uncaught_exception(exc)
  File "E:\Assignment\venv\lib\site-packages\rest_framework\views.py", line 480, in raise_uncaught_exception
    raise exc
  File "E:\Assignment\venv\lib\site-packages\rest_framework\views.py", line 506, in dispatch
    response = handler(request, *args, **kwargs)
  File "E:\Assignment\accounts\views.py", line 18, in post
    email=data['email']
KeyError: 'email'
"POST /api/signup HTTP/1.1" 500 93183
"POST /api/signup HTTP/1.1" 200 34
(0.015) SELECT (1) AS "a" FROM "accounts_manager" WHERE "accounts_manager"."email" = 'niharmishra@gmail.com' LIMIT 1; args=('niharmishra@gmail.com',)
"POST /api/signup HTTP/1.1" 200 32
(0.000) SELECT (1) AS "a" FROM "accounts_manager" WHERE "accounts_manager"."email" = 'niharmishr@gmail.com' LIMIT 1; args=('niharmishr@gmail.com',)
"POST /api/signup HTTP/1.1" 200 50
(0.000) SELECT (1) AS "a" FROM "accounts_manager" WHERE "accounts_manager"."email" = 'niharmishra@gmail.com' LIMIT 1; args=('niharmishra@gmail.com',)
"POST /api/signup HTTP/1.1" 200 32
(0.000) SELECT "accounts_manager"."id", "accounts_manager"."password", "accounts_manager"."last_login", "accounts_manager"."is_superuser", "accounts_manager"."email", "accounts_manager"."first_name", "accounts_manager"."last_name", "accounts_manager"."address", "accounts_manager"."company", "accounts_manager"."is_active", "accounts_manager"."is_staff" FROM "accounts_manager" WHERE "accounts_manager"."email" = 'niharmishra@gmail.com' LIMIT 21; args=('niharmishra@gmail.com',)
Unauthorized: /api/token/
"POST /api/token/ HTTP/1.1" 401 63
(0.000) SELECT "accounts_manager"."id", "accounts_manager"."password", "accounts_manager"."last_login", "accounts_manager"."is_superuser", "accounts_manager"."email", "accounts_manager"."first_name", "accounts_manager"."last_name", "accounts_manager"."address", "accounts_manager"."company", "accounts_manager"."is_active", "accounts_manager"."is_staff" FROM "accounts_manager" WHERE "accounts_manager"."email" = 'niharmishra@gmail.com' LIMIT 21; args=('niharmishra@gmail.com',)
"POST /api/token/ HTTP/1.1" 200 438
"GET / HTTP/1.1" 200 3640
"GET /static/rest_framework_swagger/bundles/vendors.bundle.css HTTP/1.1" 304 0
"GET /static/rest_framework_swagger/bundles/app.bundle.css HTTP/1.1" 304 0
"GET /static/rest_framework_swagger/bundles/vendors.bundle.js HTTP/1.1" 304 0
"GET /static/rest_framework_swagger/bundles/app.bundle.js HTTP/1.1" 304 0
"GET /static/rest_framework_swagger/logo_small.png HTTP/1.1" 304 0
File E:\Assignment\venv\Lib\site-packages\django\contrib\auth\context_processors.py first seen with mtime 1608197117.51719
File E:\Assignment\venv\Lib\site-packages\django\contrib\messages\context_processors.py first seen with mtime 1608197119.8832927
Exception while resolving variable 'name' in template 'unknown'.
Traceback (most recent call last):
  File "E:\Assignment\venv\lib\site-packages\django\core\handlers\exception.py", line 47, in inner
    response = get_response(request)
  File "E:\Assignment\venv\lib\site-packages\django\core\handlers\base.py", line 165, in _get_response
    callback, callback_args, callback_kwargs = self.resolve_request(request)
  File "E:\Assignment\venv\lib\site-packages\django\core\handlers\base.py", line 288, in resolve_request
    resolver_match = resolver.resolve(request.path_info)
  File "E:\Assignment\venv\lib\site-packages\django\urls\resolvers.py", line 576, in resolve
    raise Resolver404({'tried': tried, 'path': new_path})
django.urls.exceptions.Resolver404: {'tried': [[<URLResolver <URLPattern list> (admin:admin) 'admin/'>], [<URLResolver <module 'rest_framework.urls' from 'E:\\Assignment\\venv\\lib\\site-packages\\rest_framework\\urls.py'> (rest_framework:rest_framework) 'api-auth/'>], [<URLPattern 'api/token/' [name='token_obtain_pair']>], [<URLPattern 'api/token/refresh/' [name='token_refresh']>], [<URLPattern 'api/signup'>], [<URLResolver <module 'employees.urls' from 'E:\\Assignment\\employees\\urls.py'> (None:None) 'api/employees/'>], [<URLPattern ''>]], 'path': 'favicon.ico'}

During handling of the above exception, another exception occurred:

Traceback (most recent call last):
  File "E:\Assignment\venv\lib\site-packages\django\template\base.py", line 829, in _resolve_lookup
    current = current[bit]
TypeError: 'URLResolver' object is not subscriptable

During handling of the above exception, another exception occurred:

Traceback (most recent call last):
  File "E:\Assignment\venv\lib\site-packages\django\template\base.py", line 837, in _resolve_lookup
    current = getattr(current, bit)
AttributeError: 'URLResolver' object has no attribute 'name'

During handling of the above exception, another exception occurred:

Traceback (most recent call last):
  File "E:\Assignment\venv\lib\site-packages\django\template\base.py", line 843, in _resolve_lookup
    current = current[int(bit)]
ValueError: invalid literal for int() with base 10: 'name'

During handling of the above exception, another exception occurred:

Traceback (most recent call last):
  File "E:\Assignment\venv\lib\site-packages\django\template\base.py", line 850, in _resolve_lookup
    (bit, current))  # missing attribute
django.template.base.VariableDoesNotExist: Failed lookup for key [name] in <URLResolver <URLPattern list> (admin:admin) 'admin/'>
Exception while resolving variable 'name' in template 'unknown'.
Traceback (most recent call last):
  File "E:\Assignment\venv\lib\site-packages\django\core\handlers\exception.py", line 47, in inner
    response = get_response(request)
  File "E:\Assignment\venv\lib\site-packages\django\core\handlers\base.py", line 165, in _get_response
    callback, callback_args, callback_kwargs = self.resolve_request(request)
  File "E:\Assignment\venv\lib\site-packages\django\core\handlers\base.py", line 288, in resolve_request
    resolver_match = resolver.resolve(request.path_info)
  File "E:\Assignment\venv\lib\site-packages\django\urls\resolvers.py", line 576, in resolve
    raise Resolver404({'tried': tried, 'path': new_path})
django.urls.exceptions.Resolver404: {'tried': [[<URLResolver <URLPattern list> (admin:admin) 'admin/'>], [<URLResolver <module 'rest_framework.urls' from 'E:\\Assignment\\venv\\lib\\site-packages\\rest_framework\\urls.py'> (rest_framework:rest_framework) 'api-auth/'>], [<URLPattern 'api/token/' [name='token_obtain_pair']>], [<URLPattern 'api/token/refresh/' [name='token_refresh']>], [<URLPattern 'api/signup'>], [<URLResolver <module 'employees.urls' from 'E:\\Assignment\\employees\\urls.py'> (None:None) 'api/employees/'>], [<URLPattern ''>]], 'path': 'favicon.ico'}

During handling of the above exception, another exception occurred:

Traceback (most recent call last):
  File "E:\Assignment\venv\lib\site-packages\django\template\base.py", line 829, in _resolve_lookup
    current = current[bit]
TypeError: 'URLResolver' object is not subscriptable

During handling of the above exception, another exception occurred:

Traceback (most recent call last):
  File "E:\Assignment\venv\lib\site-packages\django\template\base.py", line 837, in _resolve_lookup
    current = getattr(current, bit)
AttributeError: 'URLResolver' object has no attribute 'name'

During handling of the above exception, another exception occurred:

Traceback (most recent call last):
  File "E:\Assignment\venv\lib\site-packages\django\template\base.py", line 843, in _resolve_lookup
    current = current[int(bit)]
ValueError: invalid literal for int() with base 10: 'name'

During handling of the above exception, another exception occurred:

Traceback (most recent call last):
  File "E:\Assignment\venv\lib\site-packages\django\template\base.py", line 850, in _resolve_lookup
    (bit, current))  # missing attribute
django.template.base.VariableDoesNotExist: Failed lookup for key [name] in <URLResolver <module 'rest_framework.urls' from 'E:\\Assignment\\venv\\lib\\site-packages\\rest_framework\\urls.py'> (rest_framework:rest_framework) 'api-auth/'>
Exception while resolving variable 'name' in template 'unknown'.
Traceback (most recent call last):
  File "E:\Assignment\venv\lib\site-packages\django\core\handlers\exception.py", line 47, in inner
    response = get_response(request)
  File "E:\Assignment\venv\lib\site-packages\django\core\handlers\base.py", line 165, in _get_response
    callback, callback_args, callback_kwargs = self.resolve_request(request)
  File "E:\Assignment\venv\lib\site-packages\django\core\handlers\base.py", line 288, in resolve_request
    resolver_match = resolver.resolve(request.path_info)
  File "E:\Assignment\venv\lib\site-packages\django\urls\resolvers.py", line 576, in resolve
    raise Resolver404({'tried': tried, 'path': new_path})
django.urls.exceptions.Resolver404: {'tried': [[<URLResolver <URLPattern list> (admin:admin) 'admin/'>], [<URLResolver <module 'rest_framework.urls' from 'E:\\Assignment\\venv\\lib\\site-packages\\rest_framework\\urls.py'> (rest_framework:rest_framework) 'api-auth/'>], [<URLPattern 'api/token/' [name='token_obtain_pair']>], [<URLPattern 'api/token/refresh/' [name='token_refresh']>], [<URLPattern 'api/signup'>], [<URLResolver <module 'employees.urls' from 'E:\\Assignment\\employees\\urls.py'> (None:None) 'api/employees/'>], [<URLPattern ''>]], 'path': 'favicon.ico'}

During handling of the above exception, another exception occurred:

Traceback (most recent call last):
  File "E:\Assignment\venv\lib\site-packages\django\template\base.py", line 829, in _resolve_lookup
    current = current[bit]
TypeError: 'URLResolver' object is not subscriptable

During handling of the above exception, another exception occurred:

Traceback (most recent call last):
  File "E:\Assignment\venv\lib\site-packages\django\template\base.py", line 837, in _resolve_lookup
    current = getattr(current, bit)
AttributeError: 'URLResolver' object has no attribute 'name'

During handling of the above exception, another exception occurred:

Traceback (most recent call last):
  File "E:\Assignment\venv\lib\site-packages\django\template\base.py", line 843, in _resolve_lookup
    current = current[int(bit)]
ValueError: invalid literal for int() with base 10: 'name'

During handling of the above exception, another exception occurred:

Traceback (most recent call last):
  File "E:\Assignment\venv\lib\site-packages\django\template\base.py", line 850, in _resolve_lookup
    (bit, current))  # missing attribute
django.template.base.VariableDoesNotExist: Failed lookup for key [name] in <URLResolver <module 'employees.urls' from 'E:\\Assignment\\employees\\urls.py'> (None:None) 'api/employees/'>
Not Found: /favicon.ico
"GET /favicon.ico HTTP/1.1" 404 2682
File E:\Assignment\venv\Lib\site-packages\django\template\context_processors.py first seen with mtime 1608197121.4015453
File E:\Assignment\venv\Lib\site-packages\django\template\loaders\app_directories.py first seen with mtime 1608197121.4175236
File E:\Assignment\venv\Lib\site-packages\django\template\loaders\base.py first seen with mtime 1608197121.4175236
File E:\Assignment\venv\Lib\site-packages\django\template\loaders\__init__.py first seen with mtime 1608197121.4175236
File E:\Assignment\venv\Lib\site-packages\django\template\loaders\filesystem.py first seen with mtime 1608197121.4175236
File E:\Assignment\venv\Lib\site-packages\django\contrib\staticfiles\storage.py first seen with mtime 1608197121.023313
(0.000) SELECT "accounts_manager"."id", "accounts_manager"."password", "accounts_manager"."last_login", "accounts_manager"."is_superuser", "accounts_manager"."email", "accounts_manager"."first_name", "accounts_manager"."last_name", "accounts_manager"."address", "accounts_manager"."company", "accounts_manager"."is_active", "accounts_manager"."is_staff" FROM "accounts_manager" WHERE "accounts_manager"."email" = 'niharmishra@gmail.com' LIMIT 21; args=('niharmishra@gmail.com',)
"POST /api/token/ HTTP/1.1" 200 438
Internal Server Error: /api/employees
Traceback (most recent call last):
  File "E:\Assignment\venv\lib\site-packages\django\core\handlers\exception.py", line 47, in inner
    response = get_response(request)
  File "E:\Assignment\venv\lib\site-packages\django\utils\deprecation.py", line 113, in __call__
    response = self.process_request(request)
  File "E:\Assignment\venv\lib\site-packages\django\middleware\common.py", line 54, in process_request
    path = self.get_full_path_with_slash(request)
  File "E:\Assignment\venv\lib\site-packages\django\middleware\common.py", line 94, in get_full_path_with_slash
    'url': request.get_host() + new_path,
RuntimeError: You called this URL via POST, but the URL doesn't end in a slash and you have APPEND_SLASH set. Django can't redirect to the slash URL while maintaining POST data. Change your form to point to 127.0.0.1:8000/api/employees/ (note the trailing slash), or set APPEND_SLASH=False in your Django settings.
"POST /api/employees HTTP/1.1" 500 72287
"GET /api/employees HTTP/1.1" 301 0
(0.000) SELECT "accounts_manager"."id", "accounts_manager"."password", "accounts_manager"."last_login", "accounts_manager"."is_superuser", "accounts_manager"."email", "accounts_manager"."first_name", "accounts_manager"."last_name", "accounts_manager"."address", "accounts_manager"."company", "accounts_manager"."is_active", "accounts_manager"."is_staff" FROM "accounts_manager" WHERE "accounts_manager"."id" = 3 LIMIT 21; args=(3,)
(0.000) SELECT COUNT(*) AS "__count" FROM "employees_employee"; args=()
(0.016) SELECT "employees_employee"."id", "employees_employee"."Eid", "employees_employee"."Firstname", "employees_employee"."Lastname", "employees_employee"."Email", "employees_employee"."Dob", "employees_employee"."Company", "employees_employee"."Address", "employees_employee"."Mobile", "employees_employee"."City" FROM "employees_employee" ORDER BY "employees_employee"."Eid" DESC LIMIT 3; args=()
"GET /api/employees/ HTTP/1.1" 200 631
(0.015) SELECT "accounts_manager"."id", "accounts_manager"."password", "accounts_manager"."last_login", "accounts_manager"."is_superuser", "accounts_manager"."email", "accounts_manager"."first_name", "accounts_manager"."last_name", "accounts_manager"."address", "accounts_manager"."company", "accounts_manager"."is_active", "accounts_manager"."is_staff" FROM "accounts_manager" WHERE "accounts_manager"."id" = 3 LIMIT 21; args=(3,)
(0.000) SELECT COUNT(*) AS "__count" FROM "employees_employee"; args=()
(0.000) SELECT "employees_employee"."id", "employees_employee"."Eid", "employees_employee"."Firstname", "employees_employee"."Lastname", "employees_employee"."Email", "employees_employee"."Dob", "employees_employee"."Company", "employees_employee"."Address", "employees_employee"."Mobile", "employees_employee"."City" FROM "employees_employee" ORDER BY "employees_employee"."Eid" DESC LIMIT 1 OFFSET 3; args=()
"GET /api/employees/?page=2 HTTP/1.1" 200 269
(0.000) SELECT "accounts_manager"."id", "accounts_manager"."password", "accounts_manager"."last_login", "accounts_manager"."is_superuser", "accounts_manager"."email", "accounts_manager"."first_name", "accounts_manager"."last_name", "accounts_manager"."address", "accounts_manager"."company", "accounts_manager"."is_active", "accounts_manager"."is_staff" FROM "accounts_manager" WHERE "accounts_manager"."id" = 3 LIMIT 21; args=(3,)
(0.000) INSERT INTO "employees_employee" ("Eid", "Firstname", "Lastname", "Email", "Dob", "Company", "Address", "Mobile", "City") VALUES (600, 'Rakesh', 'Bhol', 'Rakeshbhol@gmail.com', '2019-06-05'::date, 'Nettt', 'Bangalore', 878756756, 'BBSR') RETURNING "employees_employee"."id"; args=(600, 'Rakesh', 'Bhol', 'Rakeshbhol@gmail.com', datetime.date(2019, 6, 5), 'Nettt', 'Bangalore', 878756756, 'BBSR')
"POST /api/employees/create HTTP/1.1" 201 180
Unauthorized: /api/employees/retrieve/200
"POST /api/employees/retrieve/200 HTTP/1.1" 401 183
(0.000) SELECT "accounts_manager"."id", "accounts_manager"."password", "accounts_manager"."last_login", "accounts_manager"."is_superuser", "accounts_manager"."email", "accounts_manager"."first_name", "accounts_manager"."last_name", "accounts_manager"."address", "accounts_manager"."company", "accounts_manager"."is_active", "accounts_manager"."is_staff" FROM "accounts_manager" WHERE "accounts_manager"."email" = 'niharmishra@gmail.com' LIMIT 21; args=('niharmishra@gmail.com',)
"POST /api/token/ HTTP/1.1" 200 438
(0.000) SELECT "accounts_manager"."id", "accounts_manager"."password", "accounts_manager"."last_login", "accounts_manager"."is_superuser", "accounts_manager"."email", "accounts_manager"."first_name", "accounts_manager"."last_name", "accounts_manager"."address", "accounts_manager"."company", "accounts_manager"."is_active", "accounts_manager"."is_staff" FROM "accounts_manager" WHERE "accounts_manager"."id" = 3 LIMIT 21; args=(3,)
(0.000) SELECT "employees_employee"."id", "employees_employee"."Eid", "employees_employee"."Firstname", "employees_employee"."Lastname", "employees_employee"."Email", "employees_employee"."Dob", "employees_employee"."Company", "employees_employee"."Address", "employees_employee"."Mobile", "employees_employee"."City" FROM "employees_employee" WHERE "employees_employee"."Eid" = 200 LIMIT 21; args=(200,)
"GET /api/employees/retrieve/200 HTTP/1.1" 200 177
Unauthorized: /api/employees/update/200
"GET /api/employees/update/200 HTTP/1.1" 401 183
(0.000) SELECT "accounts_manager"."id", "accounts_manager"."password", "accounts_manager"."last_login", "accounts_manager"."is_superuser", "accounts_manager"."email", "accounts_manager"."first_name", "accounts_manager"."last_name", "accounts_manager"."address", "accounts_manager"."company", "accounts_manager"."is_active", "accounts_manager"."is_staff" FROM "accounts_manager" WHERE "accounts_manager"."id" = 3 LIMIT 21; args=(3,)
Method Not Allowed: /api/employees/update/200
"GET /api/employees/update/200 HTTP/1.1" 405 40
(0.000) SELECT "accounts_manager"."id", "accounts_manager"."password", "accounts_manager"."last_login", "accounts_manager"."is_superuser", "accounts_manager"."email", "accounts_manager"."first_name", "accounts_manager"."last_name", "accounts_manager"."address", "accounts_manager"."company", "accounts_manager"."is_active", "accounts_manager"."is_staff" FROM "accounts_manager" WHERE "accounts_manager"."id" = 3 LIMIT 21; args=(3,)
Method Not Allowed: /api/employees/update/200
"POST /api/employees/update/200 HTTP/1.1" 405 41
(0.000) SELECT "accounts_manager"."id", "accounts_manager"."password", "accounts_manager"."last_login", "accounts_manager"."is_superuser", "accounts_manager"."email", "accounts_manager"."first_name", "accounts_manager"."last_name", "accounts_manager"."address", "accounts_manager"."company", "accounts_manager"."is_active", "accounts_manager"."is_staff" FROM "accounts_manager" WHERE "accounts_manager"."id" = 3 LIMIT 21; args=(3,)
(0.000) SELECT "employees_employee"."id", "employees_employee"."Eid", "employees_employee"."Firstname", "employees_employee"."Lastname", "employees_employee"."Email", "employees_employee"."Dob", "employees_employee"."Company", "employees_employee"."Address", "employees_employee"."Mobile", "employees_employee"."City" FROM "employees_employee" WHERE "employees_employee"."Eid" = 200 LIMIT 21; args=(200,)
(0.000) UPDATE "employees_employee" SET "Eid" = 600, "Firstname" = 'Rakesh', "Lastname" = 'Bhol', "Email" = 'Rakeshbhol@gmail.com', "Dob" = '2019-06-05'::date, "Company" = 'Nettt', "Address" = 'Delhi', "Mobile" = 756664654, "City" = 'BBSR' WHERE "employees_employee"."id" = 3; args=(600, 'Rakesh', 'Bhol', 'Rakeshbhol@gmail.com', datetime.date(2019, 6, 5), 'Nettt', 'Delhi', 756664654, 'BBSR', 3)
"PUT /api/employees/update/200 HTTP/1.1" 200 176
(0.000) SELECT "accounts_manager"."id", "accounts_manager"."password", "accounts_manager"."last_login", "accounts_manager"."is_superuser", "accounts_manager"."email", "accounts_manager"."first_name", "accounts_manager"."last_name", "accounts_manager"."address", "accounts_manager"."company", "accounts_manager"."is_active", "accounts_manager"."is_staff" FROM "accounts_manager" WHERE "accounts_manager"."id" = 3 LIMIT 21; args=(3,)
Method Not Allowed: /api/employees/delete/200
"PUT /api/employees/delete/200 HTTP/1.1" 405 40
(0.015) SELECT "accounts_manager"."id", "accounts_manager"."password", "accounts_manager"."last_login", "accounts_manager"."is_superuser", "accounts_manager"."email", "accounts_manager"."first_name", "accounts_manager"."last_name", "accounts_manager"."address", "accounts_manager"."company", "accounts_manager"."is_active", "accounts_manager"."is_staff" FROM "accounts_manager" WHERE "accounts_manager"."id" = 3 LIMIT 21; args=(3,)
(0.000) SELECT "employees_employee"."id", "employees_employee"."Eid", "employees_employee"."Firstname", "employees_employee"."Lastname", "employees_employee"."Email", "employees_employee"."Dob", "employees_employee"."Company", "employees_employee"."Address", "employees_employee"."Mobile", "employees_employee"."City" FROM "employees_employee" WHERE "employees_employee"."Eid" = 200 LIMIT 21; args=(200,)
Not Found: /api/employees/delete/200
"DELETE /api/employees/delete/200 HTTP/1.1" 404 23
(0.000) SELECT "accounts_manager"."id", "accounts_manager"."password", "accounts_manager"."last_login", "accounts_manager"."is_superuser", "accounts_manager"."email", "accounts_manager"."first_name", "accounts_manager"."last_name", "accounts_manager"."address", "accounts_manager"."company", "accounts_manager"."is_active", "accounts_manager"."is_staff" FROM "accounts_manager" WHERE "accounts_manager"."id" = 3 LIMIT 21; args=(3,)
(0.000) SELECT "employees_employee"."id", "employees_employee"."Eid", "employees_employee"."Firstname", "employees_employee"."Lastname", "employees_employee"."Email", "employees_employee"."Dob", "employees_employee"."Company", "employees_employee"."Address", "employees_employee"."Mobile", "employees_employee"."City" FROM "employees_employee" WHERE "employees_employee"."Eid" = 100 LIMIT 21; args=(100,)
(0.000) DELETE FROM "employees_employee" WHERE "employees_employee"."id" IN (1); args=(1,)
"DELETE /api/employees/delete/100 HTTP/1.1" 204 0
